
 num     #instances         #bytes  class name
----------------------------------------------
   1:        869945      268217696  [C
   2:        464734       71404944  [Lcom.hp.hpl.jena.graph.Triple;
   3:       1279140       30699360  com.hp.hpl.jena.graph.Triple
   4:        870578       20893872  java.lang.String
   5:        417494       16699760  com.hp.hpl.jena.graph.impl.LiteralLabelImpl
   6:        241006       11735576  [I
   7:        358297        8599128  com.hp.hpl.jena.mem.ArrayBunch
   8:        417494        6679904  com.hp.hpl.jena.graph.Node_Literal
   9:        382108        6113728  com.hp.hpl.jena.graph.Node_URI
  10:          1295        5988024  [Ljava.lang.Object;
  11:        239708        5752992  com.hp.hpl.jena.datatypes.xsd.XSDDateTime
  12:            45        5099144  [Lcom.hp.hpl.jena.mem.TripleBunch;
  13:        106436        3405952  com.hp.hpl.jena.mem.HashedTripleBunch
  14:         20776        2608040  <constMethodKlass>
  15:         20776        1664712  <methodKlass>
  16:         34103        1399832  <symbolKlass>
  17:         54753        1314072  java.util.HashMap$Entry
  18:         64922        1038752  com.hp.hpl.jena.datatypes.BaseDatatype$TypedValue
  19:          1980        1032104  <constantPoolKlass>
  20:          1980         920288  <instanceKlassKlass>
  21:          1670         579120  <constantPoolCacheKlass>
  22:          2754         568000  [B
  23:          2315         471664  [Ljava.util.HashMap$Entry;
  24:          2147         206112  java.lang.Class
  25:           705         190728  <methodDataKlass>
  26:          3067         189960  [S
  27:         10690         171040  java.lang.Integer
  28:          3038         142616  [[I
  29:          2309          92360  java.util.HashMap
  30:          1454          46528  java.util.TreeMap$Entry
  31:           969          46048  [Lcom.hp.hpl.jena.graph.Node;
  32:           138          45264  <objArrayKlassKlass>
  33:             9          36144  [Lcom.hp.hpl.jena.enhanced.EnhNode;
  34:          1155          27720  com.hp.hpl.jena.rdf.model.impl.ResourceImpl
  35:           809          25360  [Ljava.lang.String;
  36:          1552          24832  java.util.HashSet
  37:          1399          22384  java.util.HashMap$KeySet
  38:           502          16064  com.hp.hpl.jena.reasoner.transitiveReasoner.GraphNode
  39:           580          13920  com.hp.hpl.jena.reasoner.TriplePattern
  40:           568          13632  com.hp.hpl.jena.reasoner.rulesys.impl.RETEClauseFilter
  41:           813          13008  com.hp.hpl.jena.reasoner.rulesys.impl.BindingVector
  42:            58          12912  [Z
  43:           776          12416  com.hp.hpl.jena.reasoner.rulesys.impl.RETEQueue$Count
  44:           480          11520  com.hp.hpl.jena.reasoner.rulesys.impl.RETEQueue
  45:           660          11328  [Lcom.hp.hpl.jena.reasoner.rulesys.ClauseEntry;
  46:           450          10800  java.util.ArrayList
  47:           330          10560  com.hp.hpl.jena.reasoner.rulesys.Rule
  48:           434          10416  com.hp.hpl.jena.reasoner.rulesys.Node_RuleVariable
  49:            49           9408  org.apache.xerces.impl.dv.xs.XSSimpleTypeDecl
  50:           389           9336  java.util.Hashtable$Entry
  51:           167           8016  com.hp.hpl.jena.iri.impl.IRIFactoryImpl$WithScheme
  52:           332           7968  com.hp.hpl.jena.reasoner.rulesys.impl.RETERuleContext
  53:           234           7488  java.util.LinkedHashMap$Entry
  54:           434           6944  com.hp.hpl.jena.graph.Node_Variable$VariableName
  55:           278           6672  com.hp.hpl.jena.rdf.model.impl.PropertyImpl
  56:            95           6024  [J
  57:           328           5248  com.hp.hpl.jena.reasoner.rulesys.impl.RETETerminal
  58:            55           4400  com.hp.hpl.jena.iri.impl.SchemeSpecification
  59:            22           4304  [Ljava.util.Hashtable$Entry;
  60:           134           4288  java.lang.ref.SoftReference
  61:           502           4016  com.hp.hpl.jena.reasoner.transitiveReasoner.GraphNode$Siblings
  62:            66           3696  java.net.URL
  63:            76           3648  java.lang.Package
  64:           148           3552  com.hp.hpl.jena.reasoner.rulesys.Functor
  65:           126           3024  java.lang.ref.WeakReference
  66:            63           3024  com.hp.hpl.jena.iri.impl.ViolationCodeInfo
  67:            55           2640  [Lcom.hp.hpl.jena.iri.impl.ComponentPattern;
  68:             8           2624  <typeArrayKlassKlass>
  69:            53           2544  java.beans.MethodDescriptor
  70:            36           2304  java.lang.reflect.Constructor
  71:           143           2288  com.hp.hpl.jena.iri.impl.ViolationCodeInfo$FromAlso
  72:            70           2240  java.math.BigInteger
  73:            64           2048  java.util.concurrent.ConcurrentHashMap$Segment
  74:            60           1920  java.lang.ref.Finalizer
  75:            74           1776  java.util.concurrent.locks.ReentrantLock$NonfairSync
  76:            63           1760  [Lcom.hp.hpl.jena.iri.impl.ViolationCodeInfo$InSpec;
  77:            72           1728  com.ibm.icu.impl.UPropertyAliases$NameToEnum
  78:            71           1704  com.ibm.icu.impl.UPropertyAliases$ValueMap
  79:            67           1608  com.ibm.icu.impl.UPropertyAliases$ContiguousEnumToShort
  80:            22           1584  java.util.jar.JarFile$JarFileEntry
  81:            45           1440  com.hp.hpl.jena.mem.HashedBunchMap
  82:            45           1440  com.hp.hpl.jena.mem.faster.NodeToTriplesMapFaster
  83:            22           1408  java.beans.PropertyDescriptor
  84:            12           1344  <klassKlass>
  85:            24           1344  java.security.Provider$Service
  86:            64           1312  [Ljava.util.concurrent.ConcurrentHashMap$HashEntry;
  87:            40           1280  com.hp.hpl.jena.iri.impl.ViolationCodeInfo$FromSpec_iri
  88:            53           1272  java.util.regex.Pattern$8
  89:            76           1216  java.util.HashMap$EntrySet
  90:            49           1176  com.ibm.icu.impl.UCharacterProperty$BinaryProperties
  91:            48           1152  com.hp.hpl.jena.reasoner.rulesys.impl.RuleClauseCode
  92:            16           1152  com.hp.hpl.jena.iri.impl.LexerXHost
  93:            47           1128  java.security.Provider$ServiceKey
  94:            23           1104  java.util.jar.JarFile
  95:            27           1080  sun.misc.URLClassPath$JarLoader
  96:            45           1080  org.apache.xerces.util.SymbolHash$Entry
  97:             1           1040  [Lcom.ibm.icu.text.UnicodeSet;
  98:            42           1008  com.hp.hpl.jena.graph.impl.SimpleGraphMaker
  99:            42           1008  java.util.regex.Pattern$GroupTail
 100:            21           1008  com.hp.hpl.jena.ontology.OntModelSpec
 101:            41            984  java.util.Vector
 102:            24            960  org.apache.log4j.Logger
 103:            14            896  java.util.regex.Matcher
 104:            36            864  java.util.LinkedList$Entry
 105:            15            840  com.hp.hpl.jena.mem.faster.GraphMemFaster
 106:            13            832  java.util.regex.Pattern
 107:            25            800  java.util.zip.Inflater
 108:            25            800  java.util.regex.Pattern$Curly
 109:            14            784  com.hp.hpl.jena.iri.impl.IRIImpl
 110:            30            720  java.security.Provider$EngineDescription
 111:            45            720  java.util.regex.Pattern$BitClass
 112:            42            672  com.hp.hpl.jena.rdf.model.impl.ModelMakerImpl
 113:            21            672  [[Ljava.lang.String;
 114:            42            672  java.util.regex.Pattern$GroupHead
 115:             6            672  java.lang.Thread
 116:            23            640  [Ljava.util.regex.Pattern$Node;
 117:            16            640  org.apache.xerces.impl.dv.xs.DecimalDV$XDecimal
 118:            39            624  java.util.regex.Pattern$CharPropertyNames$1
 119:            26            624  com.hp.hpl.jena.shared.impl.PrefixMappingImpl
 120:             6            624  [Ljava.beans.MethodDescriptor;
 121:            39            624  java.util.regex.Pattern$Single
 122:            19            608  java.util.Locale
 123:            38            608  org.apache.log4j.CategoryKey
 124:            19            608  java.io.ObjectStreamField
 125:            19            608  com.hp.hpl.jena.iri.impl.ViolationCodeInfo$FromSpec_scheme
 126:             8            576  com.hp.hpl.jena.iri.impl.LexerScheme
 127:             8            576  com.hp.hpl.jena.iri.impl.LexerUserinfo
 128:             8            576  com.hp.hpl.jena.iri.impl.LexerPort
 129:             8            576  com.hp.hpl.jena.iri.impl.LexerPath
 130:             8            576  com.hp.hpl.jena.iri.impl.LexerQuery
 131:             8            576  com.hp.hpl.jena.iri.impl.LexerHost
 132:             8            576  com.hp.hpl.jena.iri.impl.LexerFragment
 133:            23            552  java.util.concurrent.ConcurrentHashMap$HashEntry
 134:            23            552  org.slf4j.impl.Log4jLoggerAdapter
 135:            23            552  java.util.regex.Pattern$Branch
 136:             4            544  com.hp.hpl.jena.reasoner.rulesys.FBRuleInfGraph
 137:            21            504  java.util.regex.Pattern$6
 138:            21            504  sun.reflect.generics.tree.SimpleClassTypeSignature
 139:            21            504  java.util.regex.Pattern$2
 140:            15            480  com.hp.hpl.jena.graph.impl.SimpleReifierFragmentsMap
 141:            30            480  <compiledICHolderKlass>
 142:            12            480  java.util.WeakHashMap$Entry
 143:            12            480  java.util.Hashtable
 144:            20            480  java.io.ExpiringCache$Entry
 145:            15            480  com.hp.hpl.jena.graph.impl.SimpleReifier
 146:            27            472  [Ljava.lang.Class;
 147:             8            448  com.hp.hpl.jena.iri.impl.Specification
 148:            14            448  com.hp.hpl.jena.iri.impl.Parser
 149:             6            432  [[Ljava.lang.Object;
 150:             9            432  com.hp.hpl.jena.util.cache.EnhancedNodeCache
 151:             1            416  [Lorg.apache.xerces.util.SymbolHash$Entry;
 152:             5            400  com.hp.hpl.jena.iri.IRIFactory
 153:            25            400  java.util.zip.ZStreamRef
 154:             8            384  [Lcom.hp.hpl.jena.iri.impl.Lexer;
 155:             4            384  org.apache.xerces.impl.dv.xs.AbstractDateTimeDV$DateTimeData
 156:            16            384  sun.reflect.NativeConstructorAccessorImpl
 157:             8            384  java.util.TreeMap
 158:            23            368  java.security.Provider$UString
 159:            23            368  java.util.regex.Pattern$BranchConn
 160:            15            360  com.hp.hpl.jena.util.iterator.NiceIterator$1
 161:            15            360  java.util.LinkedList
 162:            15            360  com.hp.hpl.jena.graph.impl.SimpleReifierFragmentsMap$6
 163:            15            360  com.hp.hpl.jena.graph.impl.SimpleReifierFragmentsMap$7
 164:            15            360  com.hp.hpl.jena.graph.impl.SimpleReifierFragmentsMap$8
 165:            15            360  com.hp.hpl.jena.graph.impl.SimpleReifierFragmentsMap$9
 166:            15            360  com.hp.hpl.jena.mem.faster.FasterTripleStore
 167:            22            352  com.ibm.icu.util.VersionInfo
 168:            22            352  java.util.jar.Attributes$Name
 169:            21            336  [Lsun.reflect.generics.tree.TypeArgument;
 170:             7            336  java.util.Properties
 171:            14            336  org.apache.log4j.ProvisionNode
 172:             3            320  [Ljava.math.BigInteger;
 173:             8            320  com.hp.hpl.jena.rdf.model.impl.ModelCom
 174:             4            320  [Ljava.util.concurrent.ConcurrentHashMap$Segment;
 175:             3            312  [D
 176:            13            312  com.hp.hpl.jena.datatypes.xsd.impl.XSDBaseNumericType
 177:            13            312  org.apache.log4j.Level
 178:             1            296  [Lcom.ibm.icu.impl.UPropertyAliases$ValueMap;
 179:             9            288  sun.security.jca.ProviderConfig
 180:             9            288  java.security.ProtectionDomain
 181:             6            288  com.hp.hpl.jena.reasoner.transitiveReasoner.TransitiveGraphCache$FullGraphWalker
 182:             6            288  com.ibm.icu.impl.CharTrie
 183:             9            288  java.io.FilePermission
 184:             9            288  java.security.CodeSource
 185:            18            288  com.hp.hpl.jena.reasoner.FinderUtil$Cascade
 186:            17            272  sun.reflect.DelegatingConstructorAccessorImpl
 187:             1            272  [Lcom.hp.hpl.jena.iri.impl.ViolationCodeInfo;
 188:            11            264  java.lang.RuntimePermission
 189:            16            256  java.util.regex.Pattern$CharPropertyNames$4
 190:            16            256  java.util.regex.Pattern$CharProperty$1
 191:             8            256  com.hp.hpl.jena.reasoner.transitiveReasoner.TransitiveGraphCache
 192:             8            256  org.apache.xerces.impl.xpath.regex.RangeToken
 193:             4            256  sun.net.www.protocol.jar.URLJarFile
 194:             6            240  java.beans.GenericBeanInfo
 195:            10            240  java.security.AccessControlContext
 196:             6            240  java.beans.BeanDescriptor
 197:             6            240  [Ljava.beans.PropertyDescriptor;
 198:            10            240  java.security.Permissions
 199:            15            240  com.hp.hpl.jena.graph.impl.SimpleReifierTripleMap
 200:             1            232  com.hp.hpl.jena.ontology.impl.DAML_OILProfile
 201:            28            224  java.lang.Object
 202:             9            216  com.hp.hpl.jena.datatypes.xsd.impl.XSDBaseStringType
 203:             9            216  com.hp.hpl.jena.rdf.model.impl.ModelReifier
 204:             9            216  java.security.BasicPermissionCollection
 205:            10            216  [Ljava.io.ObjectStreamField;
 206:            13            208  java.io.File
 207:             1            208  [Lcom.ibm.icu.impl.UCharacterProperty$BinaryProperties;
 208:            13            208  java.util.regex.Pattern$Start
 209:             8            200  [Ljava.lang.Boolean;
 210:             5            200  com.hp.hpl.jena.mem.StoreTripleIterator
 211:            12            192  com.hp.hpl.jena.util.OneToManyMap
 212:             4            192  com.hp.hpl.jena.reasoner.rulesys.impl.RETEEngine
 213:             6            192  java.util.HashMap$KeyIterator
 214:             8            192  java.lang.OutOfMemoryError
 215:             4            192  java.util.LinkedHashMap
 216:            12            192  com.hp.hpl.jena.rdf.arp.impl.UntaintableURIReference
 217:             4            192  sun.nio.cs.UTF_8$Encoder
 218:             6            192  java.util.HashMap$ValueIterator
 219:             6            192  java.lang.ThreadLocal$ThreadLocalMap$Entry
 220:             2            176  sun.security.provider.Sun
 221:            11            176  org.apache.xerces.impl.xpath.regex.Token$CharToken
 222:            10            160  java.util.concurrent.CopyOnWriteArrayList
 223:             5            160  com.hp.hpl.jena.mem.HashCommon$BasicKeyIterator
 224:             4            160  com.hp.hpl.jena.reasoner.rulesys.impl.LPRuleStore
 225:             5            160  com.hp.hpl.jena.mem.HashCommon$MovedKeysIterator
 226:            10            160  com.hp.hpl.jena.reasoner.FGraph
 227:             4            160  com.ibm.icu.impl.UCharacterName$AlgorithmName
 228:             5            160  org.apache.log4j.helpers.PatternParser$LiteralPatternConverter
 229:            10            160  sun.misc.MetaIndex
 230:             4            160  java.util.concurrent.ConcurrentHashMap
 231:             2            160  [Ljava.util.WeakHashMap$Entry;
 232:            10            160  java.util.concurrent.locks.ReentrantLock
 233:             2            160  [Ljava.lang.ThreadLocal$ThreadLocalMap$Entry;
 234:            10            160  com.hp.hpl.jena.graph.impl.SimpleEventManager
 235:             4            160  com.hp.hpl.jena.reasoner.rulesys.impl.LPBRuleEngine
 236:             6            144  com.hp.hpl.jena.datatypes.xsd.XSDDatatype
 237:             9            144  com.hp.hpl.jena.rdf.model.impl.ModelCom$1
 238:             9            144  com.hp.hpl.jena.rdf.model.impl.ModelCom$3
 239:             3            144  sun.nio.cs.StreamEncoder
 240:             9            144  java.io.FilePermissionCollection
 241:             3            144  java.nio.HeapByteBuffer
 242:             3            144  java.util.ResourceBundle$CacheKey
 243:             6            144  com.hp.hpl.jena.util.iterator.ConcatenatedIterator
 244:             9            144  com.hp.hpl.jena.rdf.model.impl.ModelReifier$2
 245:             9            144  java.security.ProtectionDomain$Key
 246:             9            144  java.util.HashMap$Values
 247:             9            144  [Ljava.security.Principal;
 248:             1            136  [Lorg.apache.xerces.impl.dv.xs.TypeValidator;
 249:             8            128  java.lang.StringBuffer
 250:             8            128  java.util.regex.Pattern$CharPropertyNames$3
 251:             4            128  com.hp.hpl.jena.reasoner.rulesys.impl.RETEConflictSet
 252:             5            120  java.lang.ref.ReferenceQueue
 253:             5            120  com.hp.hpl.jena.mem.NodeToTriplesMapBase$1
 254:             3            120  java.util.ResourceBundle$BundleReference
 255:             1            112  java.lang.ref.Reference$ReferenceHandler
 256:             2            112  com.hp.hpl.jena.reasoner.rulesys.OWLMicroReasoner
 257:             1            112  java.lang.ref.Finalizer$FinalizerThread
 258:             7            112  java.util.concurrent.atomic.AtomicInteger
 259:             5            112  [Lcom.hp.hpl.jena.iri.impl.GroupAction;
 260:             2            112  java.io.ExpiringCache$1
 261:             7            112  com.hp.hpl.jena.iri.impl.IRIFactoryImpl$NoScheme
 262:             2            112  com.hp.hpl.jena.reasoner.rulesys.impl.LPInterpreter
 263:             4             96  java.util.Stack
 264:             3             96  java.util.Collections$SynchronizedMap
 265:             6             96  java.util.regex.Pattern$CharPropertyNames$2
 266:             2             96  java.lang.ThreadGroup
 267:             1             96  [Lorg.apache.xerces.impl.xpath.regex.RegularExpression;
 268:             3             96  org.apache.log4j.helpers.PatternParser$BasicPatternConverter
 269:             4             96  com.hp.hpl.jena.reasoner.transitiveReasoner.TransitiveEngine
 270:             2             96  java.util.WeakHashMap
 271:             4             96  java.io.FileInputStream
 272:             6             96  java.io.FileDescriptor
 273:             3             96  java.util.ResourceBundle$LoaderReference
 274:             6             96  sun.reflect.generics.tree.ClassTypeSignature
 275:             3             96  sun.misc.URLClassPath
 276:             6             96  com.ibm.icu.impl.UPropertyAliases$NonContiguousEnumToShort
 277:             4             96  com.hp.hpl.jena.reasoner.rulesys.impl.SafeGraph
 278:             6             96  com.ibm.icu.impl.CharTrie$FriendAgent
 279:            11             88  org.apache.xerces.jaxp.datatype.DatatypeFactoryImpl
 280:             1             88  sun.security.jca.ProviderList$1
 281:             2             80  com.hp.hpl.jena.reasoner.rulesys.impl.TopLevelTripleMatchFrame
 282:             5             80  java.lang.ThreadLocal
 283:             2             80  java.util.IdentityHashMap
 284:             5             80  com.hp.hpl.jena.mem.NodeToTriplesMapBase$1$NotifyMe
 285:             2             80  java.io.BufferedWriter
 286:             1             80  com.hp.hpl.jena.reasoner.rulesys.impl.ConsumerChoicePointFrame
 287:             1             80  java.lang.reflect.Method
 288:             5             80  com.hp.hpl.jena.iri.impl.ComponentPattern
 289:             3             72  java.io.OutputStreamWriter
 290:             3             72  com.hp.hpl.jena.reasoner.rulesys.impl.BBRuleContext
 291:             3             72  org.apache.xerces.impl.xpath.regex.Token$ClosureToken
 292:             1             72  sun.misc.Launcher$AppClassLoader
 293:             1             72  com.ibm.icu.impl.UCharacterName
 294:             1             72  sun.misc.Launcher$ExtClassLoader
 295:             2             64  com.hp.hpl.jena.reasoner.rulesys.impl.EnvironmentFrame
 296:             2             64  java.io.PrintStream
 297:             2             64  com.hp.hpl.jena.graph.impl.SimpleEventManager$1
 298:             4             64  com.hp.hpl.jena.reasoner.rulesys.impl.TempNodeCache
 299:             2             64  [Ljava.lang.Thread;
 300:             4             64  com.hp.hpl.jena.reasoner.rulesys.GenericRuleReasoner$RuleMode
 301:             2             64  org.apache.log4j.helpers.PatternParser$LocationPatternConverter
 302:             2             64  [Lsun.security.jca.ProviderConfig;
 303:             1             64  org.apache.xerces.impl.xpath.regex.RegularExpression
 304:             2             64  java.io.ExpiringCache
 305:             4             64  [Ljava.lang.annotation.Annotation;
 306:             1             64  com.hp.hpl.jena.ontology.impl.OntModelImpl
 307:             4             64  com.hp.hpl.jena.reasoner.rulesys.impl.StateFlag
 308:             2             64  sun.nio.cs.ext.ExtendedCharsets
 309:             1             64  com.hp.hpl.jena.graph.compose.MultiUnion
 310:             4             64  com.hp.hpl.jena.graph.impl.WrappedReifier
 311:             2             64  com.hp.hpl.jena.iri.impl.ViolationCodeInfo$FromSpec_other
 312:             1             56  [F
 313:             1             56  org.apache.log4j.ConsoleAppender
 314:             1             56  sun.reflect.DelegatingClassLoader
 315:             7             56  java.lang.ref.ReferenceQueue$Lock
 316:             1             56  sun.awt.AppContext
 317:             1             56  com.ibm.icu.impl.UCharacterProperty
 318:             1             56  sun.security.provider.NativePRNG$RandomIO
 319:             1             56  sun.security.provider.SHA
 320:             1             48  [[Lcom.hp.hpl.jena.iri.impl.Lexer;
 321:             3             48  java.nio.charset.CodingErrorAction
 322:             3             48  com.hp.hpl.jena.graph.Node_Blank
 323:             2             48  com.hp.hpl.jena.iri.impl.AbsIRIImpl$PathRelativize
 324:             2             48  sun.security.jca.ProviderList
 325:             2             48  com.hp.hpl.jena.util.FileManager
 326:             2             48  java.lang.ref.ReferenceQueue$Null
 327:             2             48  java.io.BufferedOutputStream
 328:             3             48  com.ibm.icu.text.Normalizer$QuickCheckResult
 329:             3             48  java.util.Arrays$ArrayList
 330:             3             48  java.util.Collections$UnmodifiableRandomAccessList
 331:             3             48  java.util.regex.Pattern$Ctype
 332:             2             48  java.io.FileOutputStream
 333:             2             48  org.apache.xerces.impl.xpath.regex.Token$ParenToken
 334:             3             48  com.hp.hpl.jena.shared.ReificationStyle
 335:             2             48  java.lang.ThreadLocal$ThreadLocalMap
 336:             3             48  sun.misc.Signal
 337:             3             48  com.hp.hpl.jena.rdf.model.AnonId
 338:             2             48  java.util.regex.Pattern$Ques
 339:             2             48  java.util.ArrayList$Itr
 340:             3             48  org.apache.xerces.impl.dv.dtd.ListDatatypeValidator
 341:             1             40  sun.nio.cs.UTF_8$Decoder
 342:             1             40  sun.nio.cs.StandardCharsets$Aliases
 343:             1             40  com.hp.hpl.jena.ontology.OntDocumentManager
 344:             1             40  sun.nio.cs.StandardCharsets$Classes
 345:             1             40  sun.nio.cs.StandardCharsets$Cache
 346:             1             40  org.apache.log4j.spi.RootLogger
 347:             1             40  org.apache.log4j.helpers.PatternParser
 348:             1             40  com.hp.hpl.jena.reasoner.rulesys.impl.LPTopGoalIterator
 349:             1             40  org.apache.log4j.Hierarchy
 350:             1             40  org.apache.xerces.util.URI
 351:             1             40  com.hp.hpl.jena.reasoner.rulesys.impl.Generator
 352:             1             40  com.ibm.icu.impl.IntTrie
 353:             5             40  com.hp.hpl.jena.util.iterator.NullIterator
 354:             1             40  com.hp.hpl.jena.reasoner.rulesys.impl.ChoicePointFrame
 355:             1             32  sun.misc.SoftCache
 356:             1             32  com.ibm.icu.impl.UBiDiProps
 357:             1             32  sun.reflect.generics.repository.ClassRepository
 358:             1             32  [Lsun.reflect.generics.tree.ClassTypeSignature;
 359:             1             32  java.util.ResourceBundle$1
 360:             2             32  java.nio.charset.CoderResult
 361:             1             32  [Lcom.ibm.icu.impl.UCharacterName$AlgorithmName;
 362:             1             32  com.ibm.icu.impl.UPropertyAliases
 363:             2             32  java.util.regex.Pattern$Neg
 364:             1             32  org.apache.log4j.helpers.QuietWriter
 365:             1             32  sun.reflect.generics.reflectiveObjects.TypeVariableImpl
 366:             1             32  com.hp.hpl.jena.util.iterator.FilterDropIterator
 367:             1             32  [Lorg.apache.xerces.impl.dv.xs.AbstractDateTimeDV$DateTimeData;
 368:             1             32  org.apache.log4j.PatternLayout
 369:             2             32  com.hp.hpl.jena.iri.impl.ErrorAction
 370:             2             32  java.lang.Boolean
 371:             2             32  sun.awt.MostRecentKeyValue
 372:             2             32  org.apache.xerces.impl.xpath.regex.Token
 373:             2             32  com.hp.hpl.jena.enhanced.Personality
 374:             2             32  [Lsun.reflect.generics.tree.FieldTypeSignature;
 375:             1             32  [Ljava.lang.OutOfMemoryError;
 376:             2             32  java.util.regex.Pattern$Slice
 377:             2             32  sun.security.jca.ProviderList$3
 378:             4             32  com.ibm.icu.impl.Trie$DefaultGetFoldingOffset
 379:             2             32  com.hp.hpl.jena.graph.GraphEvents
 380:             1             32  java.lang.ClassLoader$NativeLibrary
 381:             2             32  org.apache.xerces.impl.xpath.regex.Token$UnionToken
 382:             2             32  com.hp.hpl.jena.util.LocationMapper
 383:             1             32  java.io.BufferedInputStream
 384:             1             32  com.hp.hpl.jena.mem.ArrayBunch$2
 385:             1             32  [Ljava.lang.ThreadGroup;
 386:             1             32  com.hp.hpl.jena.graph.compose.PolyadicPrefixMappingImpl
 387:             2             32  java.nio.ByteOrder
 388:             2             32  sun.misc.NativeSignalHandler
 389:             1             32  java.util.concurrent.atomic.AtomicReferenceFieldUpdater$AtomicReferenceFieldUpdaterImpl
 390:             1             32  com.ibm.icu.impl.UCaseProps
 391:             1             32  java.security.MessageDigest$Delegate
 392:             1             24  sun.nio.cs.US_ASCII
 393:             1             24  com.hp.hpl.jena.graph.NodeCache
 394:             1             24  java.util.BitSet
 395:             1             24  sun.reflect.generics.tree.ClassSignature
 396:             1             24  com.hp.hpl.jena.datatypes.xsd.impl.XSDFloat
 397:             1             24  java.lang.RuntimeException
 398:             1             24  com.hp.hpl.jena.iri.impl.AbsIRIImpl$2
 399:             1             24  com.hp.hpl.jena.datatypes.xsd.impl.XSDDouble
 400:             1             24  [Ljava.io.File;
 401:             1             24  com.hp.hpl.jena.datatypes.xsd.impl.XSDByteType
 402:             1             24  org.apache.log4j.helpers.OnlyOnceErrorHandler
 403:             1             24  com.hp.hpl.jena.datatypes.xsd.XSDhexBinary
 404:             1             24  sun.nio.cs.UTF_8
 405:             1             24  com.hp.hpl.jena.datatypes.xsd.XSDbase64Binary
 406:             1             24  java.io.UnixFileSystem
 407:             1             24  org.apache.log4j.helpers.FormattingInfo
 408:             1             24  com.hp.hpl.jena.graph.TripleCache
 409:             1             24  java.util.regex.Pattern$7
 410:             1             24  java.lang.VirtualMachineError
 411:             1             24  com.hp.hpl.jena.datatypes.xsd.impl.XSDDateType
 412:             1             24  java.lang.NullPointerException
 413:             1             24  com.hp.hpl.jena.datatypes.xsd.impl.XSDTimeType
 414:             1             24  java.lang.ArithmeticException
 415:             1             24  com.hp.hpl.jena.datatypes.xsd.impl.XSDDateTimeType
 416:             1             24  com.hp.hpl.jena.datatypes.xsd.impl.XSDDurationType
 417:             1             24  java.lang.ref.Reference
 418:             1             24  sun.misc.JarIndex
 419:             1             24  com.hp.hpl.jena.datatypes.xsd.impl.XSDDayType
 420:             1             24  com.hp.hpl.jena.util.iterator.UniqueExtendedIterator
 421:             1             24  com.hp.hpl.jena.datatypes.xsd.impl.XSDMonthType
 422:             1             24  com.hp.hpl.jena.datatypes.xsd.impl.XSDYearType
 423:             1             24  java.lang.reflect.ReflectPermission
 424:             1             24  com.hp.hpl.jena.datatypes.xsd.impl.XSDYearMonthType
 425:             1             24  com.hp.hpl.jena.datatypes.xsd.impl.XSDMonthDayType
 426:             1             24  java.lang.StringCoding$StringEncoder
 427:             1             24  sun.security.provider.SecureRandom
 428:             3             24  sun.net.www.protocol.jar.Handler
 429:             1             24  sun.nio.cs.StandardCharsets
 430:             1             24  com.hp.hpl.jena.reasoner.rulesys.BasicFBReifier
 431:             1             24  java.lang.StringCoding$StringDecoder
 432:             1             24  org.apache.xerces.util.SymbolHash
 433:             1             16  java.lang.InheritableThreadLocal
 434:             1             16  com.ibm.icu.text.Normalizer$NFKDMode
 435:             1             16  java.io.Console$1$1
 436:             1             16  com.ibm.icu.text.Normalizer$NFCMode
 437:             1             16  com.hp.hpl.jena.reasoner.rulesys.FBRuleInfGraph$1
 438:             1             16  sun.misc.FloatingDecimal$1
 439:             1             16  sun.reflect.generics.scope.ClassScope
 440:             1             16  com.hp.hpl.jena.graph.Node_NULL
 441:             1             16  java.util.regex.Pattern$Dot
 442:             1             16  com.ibm.icu.text.Normalizer$NFKCMode
 443:             1             16  sun.reflect.BootstrapConstructorAccessorImpl
 444:             1             16  org.apache.xerces.impl.dv.xs.DateTimeDV
 445:             1             16  com.ibm.icu.text.Normalizer$FCDMode
 446:             1             16  org.apache.xerces.impl.dv.xs.TimeDV
 447:             1             16  com.hp.hpl.jena.ontology.ProfileRegistry
 448:             1             16  org.apache.xerces.impl.dv.xs.DateDV
 449:             1             16  java.nio.charset.CoderResult$1
 450:             1             16  java.util.regex.Pattern$CharPropertyNames$6
 451:             1             16  java.nio.charset.CoderResult$2
 452:             1             16  [Ljava.beans.EventSetDescriptor;
 453:             1             16  org.apache.xerces.impl.dv.xs.YearMonthDV
 454:             1             16  java.util.regex.Pattern$CharPropertyNames$7
 455:             1             16  com.hp.hpl.jena.ontology.impl.OWLDLProfile
 456:             1             16  java.util.regex.Pattern$CharPropertyNames$8
 457:             1             16  org.apache.xerces.impl.dv.xs.YearDV
 458:             1             16  java.util.regex.Pattern$CharPropertyNames$9
 459:             2             16  java.lang.Shutdown$Lock
 460:             1             16  java.util.regex.Pattern$CharPropertyNames$10
 461:             1             16  org.apache.log4j.helpers.AppenderAttachableImpl
 462:             1             16  java.util.regex.Pattern$CharPropertyNames$11
 463:             1             16  org.apache.xerces.impl.dv.xs.MonthDayDV
 464:             1             16  java.util.regex.Pattern$CharPropertyNames$12
 465:             1             16  [Lcom.hp.hpl.jena.rdf.arp.impl.URIReference;
 466:             1             16  java.util.jar.Manifest
 467:             1             16  java.util.regex.Pattern$CharPropertyNames$13
 468:             1             16  org.apache.xerces.impl.dv.xs.DayDV
 469:             1             16  com.hp.hpl.jena.ontology.impl.RDFSProfile
 470:             1             16  java.util.regex.Pattern$CharPropertyNames$14
 471:             1             16  com.hp.hpl.jena.reasoner.rulesys.BuiltinRegistry
 472:             1             16  java.security.Policy$UnsupportedEmptyCollection
 473:             1             16  java.util.regex.Pattern$CharPropertyNames$15
 474:             1             16  sun.reflect.generics.tree.FormalTypeParameter
 475:             1             16  org.apache.xerces.impl.dv.xs.MonthDV
 476:             1             16  java.util.regex.Pattern$CharPropertyNames$16
 477:             1             16  [Lsun.reflect.generics.tree.FormalTypeParameter;
 478:             1             16  java.util.regex.Pattern$CharPropertyNames$17
 479:             1             16  sun.misc.URLClassPath$FileLoader
 480:             1             16  java.util.LinkedHashSet
 481:             1             16  java.util.regex.Pattern$CharPropertyNames$18
 482:             1             16  java.util.regex.Pattern$CharPropertyNames$19
 483:             1             16  org.slf4j.helpers.SubstituteLoggerFactory
 484:             1             16  java.util.regex.Pattern$CharPropertyNames$20
 485:             1             16  java.util.Collections$UnmodifiableSet
 486:             1             16  java.util.regex.Pattern$CharPropertyNames$21
 487:             1             16  com.hp.hpl.jena.util.LocatorFile
 488:             1             16  java.util.jar.Attributes
 489:             1             16  com.hp.hpl.jena.iri.impl.HostAction
 490:             1             16  com.hp.hpl.jena.util.LocatorClassLoader
 491:             1             16  com.hp.hpl.jena.reasoner.rulesys.RDFSRuleReasonerFactory
 492:             2             16  org.apache.xerces.impl.dv.xs.QNameDV
 493:             1             16  [Ljava.security.Provider;
 494:             1             16  com.hp.hpl.jena.reasoner.transitiveReasoner.TransitiveReasonerFactory
 495:             1             16  org.slf4j.impl.StaticLoggerBinder
 496:             1             16  com.hp.hpl.jena.reasoner.rulesys.OWLFBRuleReasonerFactory
 497:             1             16  java.util.regex.Pattern$Node
 498:             1             16  sun.misc.Launcher
 499:             1             16  java.util.regex.Pattern$5
 500:             1             16  org.apache.log4j.or.RendererMap
 501:             1             16  com.hp.hpl.jena.reasoner.rulesys.OWLMicroReasonerFactory
 502:             1             16  com.hp.hpl.jena.reasoner.rulesys.BasicForwardRuleInfGraph$1
 503:             1             16  java.util.regex.Pattern$LastNode
 504:             2             16  org.apache.xerces.impl.dv.xs.DecimalDV
 505:             1             16  com.hp.hpl.jena.ontology.impl.OWLProfile
 506:             1             16  org.apache.xerces.impl.dv.xs.YearMonthDurationDV
 507:             1             16  [Ljava.security.cert.Certificate;
 508:             1             16  com.hp.hpl.jena.ontology.impl.OWLLiteProfile
 509:             1             16  com.hp.hpl.jena.graph.GraphEvents$1
 510:             1             16  org.apache.xerces.impl.dv.xs.DayTimeDurationDV
 511:             1             16  com.hp.hpl.jena.datatypes.BaseDatatype
 512:             1             16  com.hp.hpl.jena.reasoner.rulesys.OWLMiniReasonerFactory
 513:             1             16  org.slf4j.impl.Log4jLoggerFactory
 514:             1             16  com.hp.hpl.jena.datatypes.xsd.impl.XMLLiteralType
 515:             1             16  org.apache.log4j.spi.DefaultRepositorySelector
 516:             1             16  [Ljava.lang.reflect.TypeVariable;
 517:             1             16  com.hp.hpl.jena.reasoner.rulesys.DAMLMicroReasonerFactory
 518:             1             16  [Ljava.lang.StackTraceElement;
 519:             1             16  com.hp.hpl.jena.datatypes.TypeMapper
 520:             1             16  org.apache.xerces.impl.Constants$ArrayEnumeration
 521:             1             16  com.hp.hpl.jena.util.Metadata
 522:             1             16  java.util.Collections$EmptyList
 523:             1             16  com.hp.hpl.jena.reasoner.rulesys.Functor$FunctorDatatype
 524:             1             16  com.ibm.icu.text.Normalizer$Mode
 525:             1             16  java.util.regex.Pattern$All
 526:             1             16  sun.reflect.generics.factory.CoreReflectionFactory
 527:             2             16  org.apache.xerces.impl.dv.dtd.ENTITYDatatypeValidator
 528:             1             16  java.util.Collections$EmptyMap
 529:             1             16  com.hp.hpl.jena.util.iterator.WrappedIterator
 530:             1             16  com.ibm.icu.text.Normalizer$NFDMode
 531:             1             16  com.hp.hpl.jena.graph.Node_ANY
 532:             1             16  org.apache.xerces.impl.dv.xs.DurationDV
 533:             1              8  com.hp.hpl.jena.graph.Triple$Field$1
 534:             1              8  java.io.Console$1
 535:             1              8  com.hp.hpl.jena.ontology.impl.OWLLiteProfile$14
 536:             1              8  com.hp.hpl.jena.reasoner.rulesys.builtins.NotLiteral
 537:             1              8  com.hp.hpl.jena.graph.Node$1
 538:             1              8  com.hp.hpl.jena.ontology.impl.OWLProfile$12
 539:             1              8  com.hp.hpl.jena.graph.Triple$Field$2
 540:             1              8  com.hp.hpl.jena.graph.Node$2
 541:             1              8  com.hp.hpl.jena.ontology.impl.OWLLiteProfile$15
 542:             1              8  com.hp.hpl.jena.reasoner.rulesys.builtins.IsBNode
 543:             1              8  com.hp.hpl.jena.ontology.impl.OWLProfile$13
 544:             1              8  com.hp.hpl.jena.graph.Triple$Field$3
 545:             1              8  com.hp.hpl.jena.ontology.impl.InverseFunctionalPropertyImpl$1
 546:             1              8  com.hp.hpl.jena.graph.Node$3
 547:             1              8  com.hp.hpl.jena.ontology.impl.OWLLiteProfile$16
 548:             1              8  com.hp.hpl.jena.reasoner.rulesys.builtins.NotBNode
 549:             1              8  com.hp.hpl.jena.ontology.impl.OWLProfile$14
 550:             1              8  com.hp.hpl.jena.graph.Node$4
 551:             1              8  com.hp.hpl.jena.ontology.impl.HasValueRestrictionImpl$1
 552:             1              8  com.hp.hpl.jena.util.iterator.Filter$3
 553:             1              8  com.hp.hpl.jena.ontology.impl.OWLLiteProfile$17
 554:             1              8  com.hp.hpl.jena.ontology.impl.CardinalityQRestrictionImpl$1
 555:             1              8  com.hp.hpl.jena.ontology.impl.OWLProfile$15
 556:             1              8  com.hp.hpl.jena.graph.impl.SimpleReifierFragmentsMap$2
 557:             1              8  com.hp.hpl.jena.reasoner.rulesys.builtins.IsDType
 558:             1              8  sun.reflect.GeneratedConstructorAccessor1
 559:             1              8  com.hp.hpl.jena.ontology.impl.OWLLiteProfile$18
 560:             1              8  com.hp.hpl.jena.ontology.impl.OntClassImpl$1
 561:             1              8  com.hp.hpl.jena.vocabulary.DAML_OIL
 562:             1              8  com.hp.hpl.jena.ontology.impl.OWLProfile$16
 563:             1              8  com.hp.hpl.jena.util.iterator.Filter$2
 564:             1              8  com.hp.hpl.jena.graph.impl.SimpleReifierFragmentsMap$3
 565:             1              8  com.hp.hpl.jena.ontology.impl.OWLLiteProfile$19
 566:             1              8  com.hp.hpl.jena.reasoner.rulesys.builtins.NotDType
 567:             1              8  com.hp.hpl.jena.graph.impl.SimpleReifierFragmentsMap$4
 568:             1              8  com.hp.hpl.jena.ontology.impl.OWLProfile$17
 569:             1              8  java.util.regex.Pattern$CharPropertyNames$5
 570:             1              8  com.hp.hpl.jena.graph.impl.SimpleReifierFragmentsMap$5
 571:             1              8  com.hp.hpl.jena.ontology.impl.OWLProfile$18
 572:             1              8  java.net.URLClassLoader$7
 573:             1              8  com.hp.hpl.jena.reasoner.rulesys.builtins.CountLiteralValues
 574:             1              8  com.hp.hpl.jena.ontology.impl.AllDifferentImpl$1
 575:             1              8  com.hp.hpl.jena.ontology.impl.OWLProfile$19
 576:             1              8  sun.reflect.ReflectionFactory
 577:             1              8  com.hp.hpl.jena.reasoner.rulesys.impl.OWLRuleTranslationHook
 578:             1              8  com.hp.hpl.jena.rdf.arp.impl.XMLHandler$2
 579:             1              8  com.hp.hpl.jena.ontology.impl.OWLProfile$20
 580:             1              8  com.hp.hpl.jena.ontology.impl.AllValuesFromRestrictionImpl$1
 581:             1              8  com.hp.hpl.jena.reasoner.rulesys.builtins.Max
 582:             1              8  com.hp.hpl.jena.rdf.arp.impl.XMLHandler$3
 583:             1              8  com.hp.hpl.jena.rdf.model.impl.SeqImpl$1
 584:             1              8  java.lang.ref.Reference$Lock
 585:             1              8  com.hp.hpl.jena.ontology.impl.OWLProfile$21
 586:             1              8  com.hp.hpl.jena.rdf.model.impl.PropertyImpl$1
 587:             1              8  com.hp.hpl.jena.reasoner.rulesys.builtins.Min
 588:             1              8  java.lang.CharacterDataLatin1
 589:             1              8  com.hp.hpl.jena.rdf.model.impl.SeqNodeIteratorFactoryImpl
 590:             1              8  java.util.ResourceBundle$Control
 591:             1              8  com.hp.hpl.jena.reasoner.rulesys.builtins.ListLength
 592:             1              8  com.hp.hpl.jena.ontology.OntDocumentManager$DefaultReadHook
 593:             1              8  com.hp.hpl.jena.ontology.impl.EnumeratedClassImpl$1
 594:             1              8  com.hp.hpl.jena.reasoner.rulesys.Functor$1
 595:             1              8  com.hp.hpl.jena.reasoner.rulesys.builtins.ListEntry
 596:             1              8  com.hp.hpl.jena.ontology.impl.IndividualImpl$1
 597:             1              8  com.hp.hpl.jena.rdf.model.impl.LiteralImpl$1
 598:             1              8  com.hp.hpl.jena.ontology.impl.OWLDLProfile$1
 599:             1              8  javax.xml.parsers.SecuritySupport
 600:             1              8  com.hp.hpl.jena.ontology.impl.SomeValuesFromRestrictionImpl$1
 601:             1              8  com.hp.hpl.jena.rdf.model.impl.RDFReaderFImpl
 602:             1              8  com.hp.hpl.jena.ontology.impl.OWLDLProfile$2
 603:             1              8  com.hp.hpl.jena.reasoner.rulesys.builtins.ListEqual
 604:             1              8  java.lang.ApplicationShutdownHooks
 605:             1              8  com.hp.hpl.jena.graph.Triple$1
 606:             1              8  com.hp.hpl.jena.ontology.impl.OWLDLProfile$3
 607:             1              8  com.hp.hpl.jena.rdf.model.impl.ReifiedStatementImpl$1
 608:             1              8  com.hp.hpl.jena.reasoner.rulesys.builtins.ListNotEqual
 609:             1              8  com.hp.hpl.jena.graph.Triple$2
 610:             1              8  com.hp.hpl.jena.ontology.impl.OWLDLProfile$4
 611:             1              8  com.hp.hpl.jena.graph.Triple$3
 612:             1              8  com.hp.hpl.jena.reasoner.rulesys.builtins.ListContains
 613:             1              8  com.hp.hpl.jena.ontology.impl.OWLDLProfile$5
 614:             1              8  com.hp.hpl.jena.ontology.impl.AnnotationPropertyImpl$1
 615:             1              8  com.hp.hpl.jena.ontology.impl.RDFSProfile$1
 616:             1              8  com.hp.hpl.jena.ontology.impl.OWLDLProfile$6
 617:             1              8  com.hp.hpl.jena.reasoner.rulesys.builtins.ListNotContains
 618:             1              8  com.hp.hpl.jena.rdf.model.impl.RDFWriterFImpl
 619:             1              8  com.hp.hpl.jena.ontology.impl.OWLDLProfile$7
 620:             1              8  com.hp.hpl.jena.ontology.impl.CardinalityRestrictionImpl$1
 621:             1              8  org.apache.xerces.impl.dv.xs.HexBinaryDV
 622:             1              8  com.hp.hpl.jena.ontology.impl.RDFSProfile$2
 623:             1              8  sun.net.www.protocol.file.Handler
 624:             1              8  com.hp.hpl.jena.reasoner.rulesys.builtins.ListMapAsSubject
 625:             1              8  org.apache.xerces.dom.CharacterDataImpl$1
 626:             1              8  com.hp.hpl.jena.ontology.impl.OWLDLProfile$8
 627:             1              8  com.hp.hpl.jena.ontology.impl.RDFSProfile$3
 628:             1              8  java.net.UnknownContentHandler
 629:             1              8  com.hp.hpl.jena.iri.impl.GroupAction$1
 630:             1              8  com.hp.hpl.jena.ontology.impl.OWLDLProfile$9
 631:             1              8  com.hp.hpl.jena.ontology.impl.IntersectionClassImpl$1
 632:             1              8  com.hp.hpl.jena.reasoner.rulesys.builtins.ListMapAsObject
 633:             1              8  com.hp.hpl.jena.ontology.impl.OWLDLProfile$10
 634:             1              8  com.hp.hpl.jena.ontology.impl.DAML_OILProfile$1
 635:             1              8  sun.awt.AppContext$6
 636:             1              8  com.hp.hpl.jena.reasoner.rulesys.builtins.Print
 637:             1              8  org.apache.xerces.impl.dv.xs.Base64BinaryDV
 638:             1              8  com.hp.hpl.jena.reasoner.rulesys.builtins.MakeInstance
 639:             1              8  com.hp.hpl.jena.ontology.impl.OWLDLProfile$11
 640:             1              8  com.hp.hpl.jena.ontology.impl.DAML_OILProfile$2
 641:             1              8  com.hp.hpl.jena.reasoner.rulesys.builtins.Table
 642:             1              8  java.util.jar.JavaUtilJarAccessImpl
 643:             1              8  com.hp.hpl.jena.ontology.impl.OWLDLProfile$12
 644:             1              8  com.hp.hpl.jena.ontology.impl.DAML_OILProfile$3
 645:             1              8  com.hp.hpl.jena.ontology.impl.MinCardinalityRestrictionImpl$1
 646:             1              8  com.hp.hpl.jena.reasoner.rulesys.builtins.AddOne
 647:             1              8  com.hp.hpl.jena.reasoner.rulesys.builtins.TableAll
 648:             1              8  sun.reflect.generics.tree.BottomSignature
 649:             1              8  com.hp.hpl.jena.ontology.impl.OWLDLProfile$13
 650:             1              8  com.hp.hpl.jena.ontology.impl.DAML_OILProfile$4
 651:             1              8  org.apache.xerces.impl.dv.xs.AnyURIDV
 652:             1              8  com.hp.hpl.jena.ontology.impl.UnionClassImpl$1
 653:             1              8  com.hp.hpl.jena.ontology.impl.DAML_OILProfile$5
 654:             1              8  com.hp.hpl.jena.reasoner.rulesys.builtins.LessThan
 655:             1              8  com.hp.hpl.jena.ontology.impl.OWLDLProfile$14
 656:             1              8  com.hp.hpl.jena.ontology.impl.OntPropertyImpl$1
 657:             1              8  java.io.FileDescriptor$1
 658:             1              8  com.hp.hpl.jena.reasoner.rulesys.builtins.MakeSkolem
 659:             1              8  com.hp.hpl.jena.ontology.impl.OntResourceImpl$1
 660:             1              8  com.hp.hpl.jena.ontology.impl.DAML_OILProfile$6
 661:             1              8  com.hp.hpl.jena.ontology.impl.OWLDLProfile$15
 662:             1              8  com.hp.hpl.jena.reasoner.rulesys.builtins.GreaterThan
 663:             1              8  java.lang.System$2
 664:             1              8  com.hp.hpl.jena.ontology.impl.DAML_OILProfile$7
 665:             1              8  com.hp.hpl.jena.ontology.impl.OWLDLProfile$16
 666:             1              8  java.io.File$1
 667:             1              8  java.lang.reflect.ReflectAccess
 668:             1              8  com.hp.hpl.jena.reasoner.rulesys.builtins.LE
 669:             1              8  java.util.Collections$EmptyEnumeration
 670:             1              8  com.hp.hpl.jena.ontology.impl.DAML_OILProfile$8
 671:             1              8  com.hp.hpl.jena.ontology.impl.OWLDLProfile$17
 672:             1              8  java.io.File$2
 673:             1              8  com.hp.hpl.jena.reasoner.rulesys.builtins.GE
 674:             1              8  org.apache.xerces.impl.dv.xs.PrecisionDecimalDV
 675:             1              8  com.hp.hpl.jena.ontology.impl.DAML_OILProfile$9
 676:             1              8  com.hp.hpl.jena.ontology.impl.OWLDLProfile$18
 677:             1              8  com.hp.hpl.jena.ontology.impl.MaxCardinalityRestrictionImpl$1
 678:             1              8  com.hp.hpl.jena.reasoner.rulesys.builtins.Hide
 679:             1              8  com.hp.hpl.jena.mem.HashCommon$NotifyEmpty$1
 680:             1              8  com.hp.hpl.jena.ontology.impl.DAML_OILProfile$10
 681:             1              8  org.apache.xerces.impl.dv.xs.IDDV
 682:             1              8  com.hp.hpl.jena.ontology.impl.OWLDLProfile$19
 683:             1              8  com.hp.hpl.jena.reasoner.rulesys.builtins.Equal
 684:             1              8  com.hp.hpl.jena.ontology.impl.OntologyImpl$1
 685:             1              8  java.security.AccessControlContext$1
 686:             1              8  com.hp.hpl.jena.ontology.impl.ComplementClassImpl$1
 687:             1              8  com.hp.hpl.jena.ontology.impl.ObjectPropertyImpl$1
 688:             1              8  com.hp.hpl.jena.reasoner.rulesys.builtins.StrConcat
 689:             1              8  org.apache.xerces.impl.dv.xs.IDREFDV
 690:             1              8  com.hp.hpl.jena.ontology.impl.DAML_OILProfile$11
 691:             1              8  com.hp.hpl.jena.ontology.impl.OWLDLProfile$20
 692:             1              8  com.hp.hpl.jena.reasoner.rulesys.builtins.NotFunctor
 693:             1              8  java.security.ProtectionDomain$2
 694:             1              8  org.apache.xerces.impl.dv.xs.AnySimpleDV
 695:             1              8  sun.misc.ASCIICaseInsensitiveComparator
 696:             1              8  org.apache.xerces.impl.dv.xs.EntityDV
 697:             1              8  com.hp.hpl.jena.ontology.impl.DAML_OILProfile$12
 698:             1              8  com.hp.hpl.jena.ontology.impl.OWLDLProfile$21
 699:             1              8  com.hp.hpl.jena.reasoner.rulesys.builtins.UriConcat
 700:             1              8  com.hp.hpl.jena.reasoner.rulesys.builtins.IsFunctor
 701:             1              8  org.apache.xerces.impl.dv.xs.StringDV
 702:             1              8  org.apache.xerces.impl.dv.xs.IntegerDV
 703:             1              8  com.ibm.icu.impl.NormalizerImpl
 704:             1              8  com.hp.hpl.jena.ontology.impl.DAML_OILProfile$13
 705:             1              8  org.apache.xerces.impl.dv.xs.BooleanDV
 706:             1              8  org.apache.xerces.impl.dv.xs.ListDV
 707:             1              8  com.hp.hpl.jena.reasoner.rulesys.builtins.NotEqual
 708:             1              8  sun.net.www.protocol.jar.JarFileFactory
 709:             1              8  com.hp.hpl.jena.ontology.impl.DAML_OILProfile$14
 710:             1              8  com.hp.hpl.jena.reasoner.rulesys.builtins.Regex
 711:             1              8  org.apache.xerces.impl.dv.xs.UnionDV
 712:             1              8  com.hp.hpl.jena.mem.GraphTripleStoreBase$1
 713:             1              8  com.hp.hpl.jena.reasoner.rulesys.builtins.MakeTemp
 714:             1              8  com.hp.hpl.jena.ontology.impl.DAML_OILProfile$15
 715:             1              8  com.hp.hpl.jena.ontology.impl.DatatypePropertyImpl$1
 716:             1              8  com.hp.hpl.jena.rdf.model.ResourceFactory$Impl
 717:             1              8  org.apache.log4j.or.DefaultRenderer
 718:             1              8  com.hp.hpl.jena.reasoner.rulesys.builtins.Now
 719:             1              8  com.hp.hpl.jena.ontology.impl.QualifiedRestrictionImpl$1
 720:             1              8  com.hp.hpl.jena.ontology.impl.DAML_OILProfile$16
 721:             1              8  sun.misc.Launcher$Factory
 722:             1              8  org.apache.xerces.impl.dv.xs.FloatDV
 723:             1              8  org.apache.log4j.DefaultCategoryFactory
 724:             1              8  com.hp.hpl.jena.rdf.model.impl.AltImpl$1
 725:             1              8  com.hp.hpl.jena.reasoner.rulesys.builtins.NoValue
 726:             1              8  java.lang.String$CaseInsensitiveComparator
 727:             1              8  com.hp.hpl.jena.rdf.model.impl.RDFListImpl$1
 728:             1              8  com.hp.hpl.jena.ontology.impl.DataRangeImpl$1
 729:             1              8  com.hp.hpl.jena.ontology.impl.DAML_OILProfile$17
 730:             1              8  com.hp.hpl.jena.reasoner.rulesys.builtins.AssertDisjointPairs
 731:             1              8  com.hp.hpl.jena.util.LocatorURL
 732:             1              8  com.hp.hpl.jena.ontology.impl.OWLLiteProfile$1
 733:             1              8  java.lang.Terminator$1
 734:             1              8  org.apache.xerces.impl.dv.xs.AnyAtomicDV
 735:             1              8  org.apache.xerces.impl.dv.xs.DoubleDV
 736:             1              8  com.hp.hpl.jena.rdf.model.impl.ContNodeIteratorFactoryImpl
 737:             1              8  com.hp.hpl.jena.ontology.impl.DAML_OILProfile$18
 738:             1              8  com.hp.hpl.jena.reasoner.rulesys.builtins.Remove
 739:             1              8  com.hp.hpl.jena.ontology.impl.OWLLiteProfile$2
 740:             1              8  com.hp.hpl.jena.ontology.impl.DAML_OILProfile$19
 741:             1              8  org.apache.xerces.impl.dv.SecuritySupport
 742:             1              8  org.apache.xerces.impl.dv.xs.XSSimpleTypeDecl$1
 743:             1              8  com.hp.hpl.jena.ontology.impl.TransitivePropertyImpl$1
 744:             1              8  com.hp.hpl.jena.ontology.impl.OWLLiteProfile$3
 745:             1              8  com.hp.hpl.jena.ontology.impl.OWLProfile$1
 746:             1              8  com.hp.hpl.jena.reasoner.rulesys.builtins.Drop
 747:             1              8  com.hp.hpl.jena.ontology.impl.DAML_OILProfile$20
 748:             1              8  java.lang.Runtime
 749:             1              8  com.hp.hpl.jena.ontology.impl.OWLLiteProfile$4
 750:             1              8  com.hp.hpl.jena.ontology.impl.OWLProfile$2
 751:             1              8  org.apache.xerces.impl.dv.xs.XSSimpleTypeDecl$2
 752:             1              8  com.hp.hpl.jena.reasoner.rulesys.builtins.Sum
 753:             1              8  com.hp.hpl.jena.ontology.impl.OWLLiteProfile$5
 754:             1              8  com.ibm.icu.impl.NormalizerImpl$FCDTrieImpl
 755:             1              8  com.hp.hpl.jena.ontology.impl.MinCardinalityQRestrictionImpl$1
 756:             1              8  com.hp.hpl.jena.rdf.model.impl.BagImpl$1
 757:             1              8  com.hp.hpl.jena.ontology.impl.OWLProfile$3
 758:             1              8  com.hp.hpl.jena.ontology.impl.OWLLiteProfile$6
 759:             1              8  com.ibm.icu.impl.NormalizerImpl$NormTrieImpl
 760:             1              8  java.util.Collections$EmptySet
 761:             1              8  com.hp.hpl.jena.reasoner.rulesys.builtins.Difference
 762:             1              8  com.hp.hpl.jena.ontology.impl.OWLProfile$4
 763:             1              8  com.ibm.icu.impl.NormalizerImpl$AuxTrieImpl
 764:             1              8  com.hp.hpl.jena.ontology.impl.SymmetricPropertyImpl$1
 765:             1              8  com.hp.hpl.jena.ontology.impl.OWLLiteProfile$7
 766:             1              8  org.apache.xerces.impl.dv.dtd.StringDatatypeValidator
 767:             1              8  com.hp.hpl.jena.ontology.impl.OWLProfile$5
 768:             1              8  com.hp.hpl.jena.reasoner.rulesys.builtins.Product
 769:             1              8  com.hp.hpl.jena.ontology.impl.OWLLiteProfile$8
 770:             1              8  org.apache.xerces.impl.dv.dtd.IDDatatypeValidator
 771:             1              8  com.hp.hpl.jena.ontology.impl.OWLProfile$6
 772:             1              8  org.apache.xerces.parsers.SecuritySupport
 773:             1              8  com.hp.hpl.jena.rdf.model.impl.ResourceImpl$1
 774:             1              8  com.hp.hpl.jena.util.iterator.NiceIterator
 775:             1              8  com.hp.hpl.jena.ontology.impl.OWLLiteProfile$9
 776:             1              8  org.apache.xerces.impl.dv.dtd.IDREFDatatypeValidator
 777:             1              8  com.hp.hpl.jena.ontology.impl.OWLProfile$7
 778:             1              8  com.hp.hpl.jena.reasoner.rulesys.builtins.Quotient
 779:             1              8  com.hp.hpl.jena.rdf.model.impl.ResourceImpl$2
 780:             1              8  com.hp.hpl.jena.ontology.impl.OWLLiteProfile$10
 781:             1              8  com.hp.hpl.jena.ontology.impl.OWLProfile$8
 782:             1              8  com.hp.hpl.jena.reasoner.rulesys.builtins.Bound
 783:             1              8  com.hp.hpl.jena.ontology.impl.RestrictionImpl$1
 784:             1              8  com.hp.hpl.jena.ontology.impl.OWLLiteProfile$11
 785:             1              8  com.hp.hpl.jena.ontology.impl.FunctionalPropertyImpl$1
 786:             1              8  com.hp.hpl.jena.ontology.impl.MaxCardinalityQRestrictionImpl$1
 787:             1              8  com.hp.hpl.jena.ontology.impl.OWLProfile$9
 788:             1              8  com.hp.hpl.jena.reasoner.rulesys.builtins.Unbound
 789:             1              8  sun.misc.Unsafe
 790:             1              8  com.hp.hpl.jena.ontology.impl.OWLLiteProfile$12
 791:             1              8  org.apache.xerces.impl.dv.dtd.NOTATIONDatatypeValidator
 792:             1              8  com.hp.hpl.jena.ontology.impl.OWLProfile$10
 793:             1              8  org.apache.xerces.impl.dv.dtd.NMTOKENDatatypeValidator
 794:             1              8  com.hp.hpl.jena.reasoner.rulesys.builtins.IsLiteral
 795:             1              8  com.hp.hpl.jena.ontology.impl.OWLLiteProfile$13
 796:             1              8  com.hp.hpl.jena.ontology.impl.OWLProfile$11
Total       5897156      474512496
