
 num     #instances         #bytes  class name
----------------------------------------------
   1:        869896      268215264  [C
   2:        464604       71396536  [Lcom.hp.hpl.jena.graph.Triple;
   3:       1278577       30685848  com.hp.hpl.jena.graph.Triple
   4:        870529       20892696  java.lang.String
   5:        417494       16699760  com.hp.hpl.jena.graph.impl.LiteralLabelImpl
   6:        240921       11711640  [I
   7:        358178        8596272  com.hp.hpl.jena.mem.ArrayBunch
   8:        417494        6679904  com.hp.hpl.jena.graph.Node_Literal
   9:        382108        6113728  com.hp.hpl.jena.graph.Node_URI
  10:        239708        5752992  com.hp.hpl.jena.datatypes.xsd.XSDDateTime
  11:          1177        5744672  [Ljava.lang.Object;
  12:            45        5096672  [Lcom.hp.hpl.jena.mem.TripleBunch;
  13:        106425        3405600  com.hp.hpl.jena.mem.HashedTripleBunch
  14:         20635        2582192  <constMethodKlass>
  15:         20635        1653432  <methodKlass>
  16:         33707        1383664  <symbolKlass>
  17:         64922        1038752  com.hp.hpl.jena.datatypes.BaseDatatype$TypedValue
  18:          1959        1019824  <constantPoolKlass>
  19:          1959         912064  <instanceKlassKlass>
  20:          1651         571176  <constantPoolCacheKlass>
  21:          2683         557968  [B
  22:          2123         203808  java.lang.Class
  23:          3040         187840  [S
  24:         10690         171040  java.lang.Integer
  25:           606         163040  <methodDataKlass>
  26:          1580         143168  [Ljava.util.HashMap$Entry;
  27:          3011         141592  [[I
  28:          4445         106680  java.util.HashMap$Entry
  29:          1574          62960  java.util.HashMap
  30:          1454          46528  java.util.TreeMap$Entry
  31:           959          45584  [Lcom.hp.hpl.jena.graph.Node;
  32:           135          44280  <objArrayKlassKlass>
  33:             9          36144  [Lcom.hp.hpl.jena.enhanced.EnhNode;
  34:          1155          27720  com.hp.hpl.jena.rdf.model.impl.ResourceImpl
  35:           809          25360  [Ljava.lang.String;
  36:           944          15104  java.util.HashSet
  37:           579          13896  com.hp.hpl.jena.reasoner.TriplePattern
  38:           810          12960  com.hp.hpl.jena.reasoner.rulesys.impl.BindingVector
  39:            58          12912  [Z
  40:           782          12512  java.util.HashMap$KeySet
  41:           776          12416  com.hp.hpl.jena.reasoner.rulesys.impl.RETEQueue$Count
  42:           660          11328  [Lcom.hp.hpl.jena.reasoner.rulesys.ClauseEntry;
  43:           330          10560  com.hp.hpl.jena.reasoner.rulesys.Rule
  44:           428          10272  com.hp.hpl.jena.reasoner.rulesys.Node_RuleVariable
  45:           426          10224  com.hp.hpl.jena.reasoner.rulesys.impl.RETEClauseFilter
  46:           301           9632  com.hp.hpl.jena.reasoner.transitiveReasoner.GraphNode
  47:            49           9408  org.apache.xerces.impl.dv.xs.XSSimpleTypeDecl
  48:           388           9312  java.util.Hashtable$Entry
  49:           380           9120  java.util.ArrayList
  50:           360           8640  com.hp.hpl.jena.reasoner.rulesys.impl.RETEQueue
  51:           167           8016  com.hp.hpl.jena.iri.impl.IRIFactoryImpl$WithScheme
  52:           234           7488  java.util.LinkedHashMap$Entry
  53:           428           6848  com.hp.hpl.jena.graph.Node_Variable$VariableName
  54:           278           6672  com.hp.hpl.jena.rdf.model.impl.PropertyImpl
  55:            95           6024  [J
  56:           249           5976  com.hp.hpl.jena.reasoner.rulesys.impl.RETERuleContext
  57:            55           4400  com.hp.hpl.jena.iri.impl.SchemeSpecification
  58:            22           4304  [Ljava.util.Hashtable$Entry;
  59:           134           4288  java.lang.ref.SoftReference
  60:           246           3936  com.hp.hpl.jena.reasoner.rulesys.impl.RETETerminal
  61:            66           3696  java.net.URL
  62:            76           3648  java.lang.Package
  63:           148           3552  com.hp.hpl.jena.reasoner.rulesys.Functor
  64:           126           3024  java.lang.ref.WeakReference
  65:            63           3024  com.hp.hpl.jena.iri.impl.ViolationCodeInfo
  66:            55           2640  [Lcom.hp.hpl.jena.iri.impl.ComponentPattern;
  67:             8           2624  <typeArrayKlassKlass>
  68:            53           2544  java.beans.MethodDescriptor
  69:           301           2408  com.hp.hpl.jena.reasoner.transitiveReasoner.GraphNode$Siblings
  70:            36           2304  java.lang.reflect.Constructor
  71:           143           2288  com.hp.hpl.jena.iri.impl.ViolationCodeInfo$FromAlso
  72:            70           2240  java.math.BigInteger
  73:            64           2048  java.util.concurrent.ConcurrentHashMap$Segment
  74:            59           1888  java.lang.ref.Finalizer
  75:            63           1760  [Lcom.hp.hpl.jena.iri.impl.ViolationCodeInfo$InSpec;
  76:            73           1752  java.util.concurrent.locks.ReentrantLock$NonfairSync
  77:            72           1728  com.ibm.icu.impl.UPropertyAliases$NameToEnum
  78:            71           1704  com.ibm.icu.impl.UPropertyAliases$ValueMap
  79:            67           1608  com.ibm.icu.impl.UPropertyAliases$ContiguousEnumToShort
  80:            22           1584  java.util.jar.JarFile$JarFileEntry
  81:            45           1440  com.hp.hpl.jena.mem.HashedBunchMap
  82:            45           1440  com.hp.hpl.jena.mem.faster.NodeToTriplesMapFaster
  83:            22           1408  java.beans.PropertyDescriptor
  84:            12           1344  <klassKlass>
  85:            24           1344  java.security.Provider$Service
  86:            64           1312  [Ljava.util.concurrent.ConcurrentHashMap$HashEntry;
  87:            40           1280  com.hp.hpl.jena.iri.impl.ViolationCodeInfo$FromSpec_iri
  88:            53           1272  java.util.regex.Pattern$8
  89:            49           1176  com.ibm.icu.impl.UCharacterProperty$BinaryProperties
  90:            16           1152  com.hp.hpl.jena.iri.impl.LexerXHost
  91:            47           1128  java.security.Provider$ServiceKey
  92:            23           1104  java.util.jar.JarFile
  93:            27           1080  sun.misc.URLClassPath$JarLoader
  94:            45           1080  org.apache.xerces.util.SymbolHash$Entry
  95:             1           1040  [Lcom.ibm.icu.text.UnicodeSet;
  96:            42           1008  com.hp.hpl.jena.graph.impl.SimpleGraphMaker
  97:            42           1008  java.util.regex.Pattern$GroupTail
  98:            21           1008  com.hp.hpl.jena.ontology.OntModelSpec
  99:            41            984  java.util.Vector
 100:            23            920  org.apache.log4j.Logger
 101:            14            896  java.util.regex.Matcher
 102:            35            840  java.util.LinkedList$Entry
 103:            15            840  com.hp.hpl.jena.mem.faster.GraphMemFaster
 104:            13            832  java.util.regex.Pattern
 105:            25            800  java.util.regex.Pattern$Curly
 106:            14            784  com.hp.hpl.jena.iri.impl.IRIImpl
 107:            24            768  java.util.zip.Inflater
 108:            30            720  java.security.Provider$EngineDescription
 109:            45            720  java.util.regex.Pattern$BitClass
 110:            42            672  com.hp.hpl.jena.rdf.model.impl.ModelMakerImpl
 111:            21            672  [[Ljava.lang.String;
 112:            42            672  java.util.regex.Pattern$GroupHead
 113:             6            672  java.lang.Thread
 114:            40            640  java.util.HashMap$EntrySet
 115:            23            640  [Ljava.util.regex.Pattern$Node;
 116:            16            640  org.apache.xerces.impl.dv.xs.DecimalDV$XDecimal
 117:            39            624  java.util.regex.Pattern$CharPropertyNames$1
 118:            26            624  com.hp.hpl.jena.shared.impl.PrefixMappingImpl
 119:             6            624  [Ljava.beans.MethodDescriptor;
 120:            39            624  java.util.regex.Pattern$Single
 121:            19            608  java.util.Locale
 122:            19            608  java.io.ObjectStreamField
 123:            19            608  com.hp.hpl.jena.iri.impl.ViolationCodeInfo$FromSpec_scheme
 124:            37            592  org.apache.log4j.CategoryKey
 125:             8            576  com.hp.hpl.jena.iri.impl.LexerScheme
 126:             8            576  com.hp.hpl.jena.iri.impl.LexerUserinfo
 127:             8            576  com.hp.hpl.jena.iri.impl.LexerPort
 128:             8            576  com.hp.hpl.jena.iri.impl.LexerPath
 129:             8            576  com.hp.hpl.jena.iri.impl.LexerQuery
 130:             8            576  com.hp.hpl.jena.iri.impl.LexerHost
 131:             8            576  com.hp.hpl.jena.iri.impl.LexerFragment
 132:            23            552  java.util.concurrent.ConcurrentHashMap$HashEntry
 133:            23            552  java.util.regex.Pattern$Branch
 134:             4            544  com.hp.hpl.jena.reasoner.rulesys.FBRuleInfGraph
 135:            22            528  org.slf4j.impl.Log4jLoggerAdapter
 136:            21            504  java.util.regex.Pattern$6
 137:            21            504  sun.reflect.generics.tree.SimpleClassTypeSignature
 138:            21            504  java.util.regex.Pattern$2
 139:            15            480  com.hp.hpl.jena.graph.impl.SimpleReifierFragmentsMap
 140:            12            480  java.util.WeakHashMap$Entry
 141:            12            480  java.util.Hashtable
 142:            20            480  java.io.ExpiringCache$Entry
 143:            15            480  com.hp.hpl.jena.graph.impl.SimpleReifier
 144:            27            472  [Ljava.lang.Class;
 145:             8            448  com.hp.hpl.jena.iri.impl.Specification
 146:            14            448  com.hp.hpl.jena.iri.impl.Parser
 147:             6            432  [[Ljava.lang.Object;
 148:             9            432  com.hp.hpl.jena.util.cache.EnhancedNodeCache
 149:             1            416  [Lorg.apache.xerces.util.SymbolHash$Entry;
 150:             5            400  com.hp.hpl.jena.iri.IRIFactory
 151:             8            384  [Lcom.hp.hpl.jena.iri.impl.Lexer;
 152:             4            384  org.apache.xerces.impl.dv.xs.AbstractDateTimeDV$DateTimeData
 153:            24            384  java.util.zip.ZStreamRef
 154:            16            384  sun.reflect.NativeConstructorAccessorImpl
 155:             8            384  java.util.TreeMap
 156:            23            368  java.security.Provider$UString
 157:            23            368  java.util.regex.Pattern$BranchConn
 158:            15            360  java.util.LinkedList
 159:            15            360  com.hp.hpl.jena.graph.impl.SimpleReifierFragmentsMap$6
 160:            15            360  com.hp.hpl.jena.graph.impl.SimpleReifierFragmentsMap$7
 161:            15            360  com.hp.hpl.jena.graph.impl.SimpleReifierFragmentsMap$8
 162:            15            360  com.hp.hpl.jena.graph.impl.SimpleReifierFragmentsMap$9
 163:            15            360  com.hp.hpl.jena.mem.faster.FasterTripleStore
 164:            22            352  com.ibm.icu.util.VersionInfo
 165:            21            336  [Lsun.reflect.generics.tree.TypeArgument;
 166:             7            336  java.util.Properties
 167:            14            336  org.apache.log4j.ProvisionNode
 168:             3            320  [Ljava.math.BigInteger;
 169:             8            320  com.hp.hpl.jena.rdf.model.impl.ModelCom
 170:             4            320  [Ljava.util.concurrent.ConcurrentHashMap$Segment;
 171:             3            312  [D
 172:            13            312  com.hp.hpl.jena.datatypes.xsd.impl.XSDBaseNumericType
 173:            13            312  org.apache.log4j.Level
 174:             1            296  [Lcom.ibm.icu.impl.UPropertyAliases$ValueMap;
 175:             9            288  sun.security.jca.ProviderConfig
 176:             9            288  java.security.ProtectionDomain
 177:             6            288  com.ibm.icu.impl.CharTrie
 178:             9            288  java.io.FilePermission
 179:             9            288  java.security.CodeSource
 180:            17            272  sun.reflect.DelegatingConstructorAccessorImpl
 181:            17            272  java.util.jar.Attributes$Name
 182:             1            272  [Lcom.hp.hpl.jena.iri.impl.ViolationCodeInfo;
 183:            11            264  java.lang.RuntimePermission
 184:            16            256  <compiledICHolderKlass>
 185:            16            256  java.util.regex.Pattern$CharPropertyNames$4
 186:            16            256  java.util.regex.Pattern$CharProperty$1
 187:             8            256  com.hp.hpl.jena.reasoner.transitiveReasoner.TransitiveGraphCache
 188:             8            256  org.apache.xerces.impl.xpath.regex.RangeToken
 189:             4            256  sun.net.www.protocol.jar.URLJarFile
 190:             6            240  java.beans.GenericBeanInfo
 191:            10            240  java.security.AccessControlContext
 192:             6            240  java.beans.BeanDescriptor
 193:             6            240  [Ljava.beans.PropertyDescriptor;
 194:            10            240  java.security.Permissions
 195:            15            240  com.hp.hpl.jena.graph.impl.SimpleReifierTripleMap
 196:             1            232  com.hp.hpl.jena.ontology.impl.DAML_OILProfile
 197:            28            224  java.lang.Object
 198:            14            224  com.hp.hpl.jena.reasoner.FinderUtil$Cascade
 199:             9            216  com.hp.hpl.jena.datatypes.xsd.impl.XSDBaseStringType
 200:             9            216  com.hp.hpl.jena.rdf.model.impl.ModelReifier
 201:             9            216  java.security.BasicPermissionCollection
 202:            10            216  [Ljava.io.ObjectStreamField;
 203:            13            208  java.io.File
 204:             1            208  [Lcom.ibm.icu.impl.UCharacterProperty$BinaryProperties;
 205:            13            208  java.util.regex.Pattern$Start
 206:             8            200  [Ljava.lang.Boolean;
 207:             4            192  com.hp.hpl.jena.reasoner.rulesys.impl.RETEEngine
 208:             8            192  java.lang.OutOfMemoryError
 209:             4            192  java.util.LinkedHashMap
 210:            12            192  com.hp.hpl.jena.rdf.arp.impl.UntaintableURIReference
 211:             6            192  java.lang.ThreadLocal$ThreadLocalMap$Entry
 212:             2            176  sun.security.provider.Sun
 213:            11            176  com.hp.hpl.jena.util.OneToManyMap
 214:            11            176  org.apache.xerces.impl.xpath.regex.Token$CharToken
 215:             4            160  com.hp.hpl.jena.reasoner.rulesys.impl.LPRuleStore
 216:             4            160  com.ibm.icu.impl.UCharacterName$AlgorithmName
 217:             5            160  org.apache.log4j.helpers.PatternParser$LiteralPatternConverter
 218:            10            160  sun.misc.MetaIndex
 219:             4            160  java.util.concurrent.ConcurrentHashMap
 220:             2            160  [Ljava.util.WeakHashMap$Entry;
 221:             2            160  [Ljava.lang.ThreadLocal$ThreadLocalMap$Entry;
 222:             4            160  com.hp.hpl.jena.reasoner.rulesys.impl.LPBRuleEngine
 223:             9            144  java.util.concurrent.CopyOnWriteArrayList
 224:             6            144  com.hp.hpl.jena.datatypes.xsd.XSDDatatype
 225:             9            144  com.hp.hpl.jena.reasoner.FGraph
 226:             9            144  com.hp.hpl.jena.rdf.model.impl.ModelCom$1
 227:             9            144  com.hp.hpl.jena.rdf.model.impl.ModelCom$3
 228:             3            144  sun.nio.cs.StreamEncoder
 229:             9            144  java.io.FilePermissionCollection
 230:             3            144  java.nio.HeapByteBuffer
 231:             3            144  java.util.ResourceBundle$CacheKey
 232:             9            144  com.hp.hpl.jena.rdf.model.impl.ModelReifier$2
 233:             9            144  java.util.concurrent.locks.ReentrantLock
 234:             3            144  sun.nio.cs.UTF_8$Encoder
 235:             9            144  java.security.ProtectionDomain$Key
 236:             9            144  [Ljava.security.Principal;
 237:             9            144  com.hp.hpl.jena.graph.impl.SimpleEventManager
 238:             1            136  [Lorg.apache.xerces.impl.dv.xs.TypeValidator;
 239:             8            128  java.lang.StringBuffer
 240:             8            128  java.util.regex.Pattern$CharPropertyNames$3
 241:             5            120  java.lang.ref.ReferenceQueue
 242:             3            120  java.util.ResourceBundle$BundleReference
 243:             1            112  java.lang.ref.Reference$ReferenceHandler
 244:             2            112  com.hp.hpl.jena.reasoner.rulesys.OWLMicroReasoner
 245:             1            112  java.lang.ref.Finalizer$FinalizerThread
 246:             7            112  java.util.concurrent.atomic.AtomicInteger
 247:             5            112  [Lcom.hp.hpl.jena.iri.impl.GroupAction;
 248:             2            112  java.io.ExpiringCache$1
 249:             7            112  java.util.HashMap$Values
 250:             7            112  com.hp.hpl.jena.iri.impl.IRIFactoryImpl$NoScheme
 251:             4             96  java.util.Stack
 252:             3             96  java.util.Collections$SynchronizedMap
 253:             6             96  java.util.regex.Pattern$CharPropertyNames$2
 254:             2             96  java.lang.ThreadGroup
 255:             1             96  [Lorg.apache.xerces.impl.xpath.regex.RegularExpression;
 256:             3             96  org.apache.log4j.helpers.PatternParser$BasicPatternConverter
 257:             4             96  com.hp.hpl.jena.reasoner.transitiveReasoner.TransitiveEngine
 258:             2             96  java.util.WeakHashMap
 259:             3             96  com.hp.hpl.jena.reasoner.rulesys.impl.RETEConflictSet
 260:             4             96  java.io.FileInputStream
 261:             6             96  java.io.FileDescriptor
 262:             3             96  java.util.ResourceBundle$LoaderReference
 263:             2             96  com.hp.hpl.jena.reasoner.transitiveReasoner.TransitiveGraphCache$FullGraphWalker
 264:             6             96  sun.reflect.generics.tree.ClassTypeSignature
 265:             3             96  sun.misc.URLClassPath
 266:             6             96  com.ibm.icu.impl.UPropertyAliases$NonContiguousEnumToShort
 267:             4             96  com.hp.hpl.jena.reasoner.rulesys.impl.SafeGraph
 268:             6             96  com.ibm.icu.impl.CharTrie$FriendAgent
 269:            11             88  org.apache.xerces.jaxp.datatype.DatatypeFactoryImpl
 270:             1             88  sun.security.jca.ProviderList$1
 271:             5             80  java.lang.ThreadLocal
 272:             2             80  java.util.IdentityHashMap
 273:             2             80  java.io.BufferedWriter
 274:             1             80  java.lang.reflect.Method
 275:             5             80  com.hp.hpl.jena.iri.impl.ComponentPattern
 276:             3             72  com.hp.hpl.jena.util.iterator.NiceIterator$1
 277:             3             72  java.io.OutputStreamWriter
 278:             3             72  org.apache.xerces.impl.xpath.regex.Token$ClosureToken
 279:             1             72  sun.misc.Launcher$AppClassLoader
 280:             1             72  com.ibm.icu.impl.UCharacterName
 281:             1             72  sun.misc.Launcher$ExtClassLoader
 282:             2             64  java.io.PrintStream
 283:             4             64  com.hp.hpl.jena.reasoner.rulesys.impl.TempNodeCache
 284:             2             64  [Ljava.lang.Thread;
 285:             4             64  com.hp.hpl.jena.reasoner.rulesys.GenericRuleReasoner$RuleMode
 286:             2             64  org.apache.log4j.helpers.PatternParser$LocationPatternConverter
 287:             2             64  [Lsun.security.jca.ProviderConfig;
 288:             2             64  java.util.HashMap$KeyIterator
 289:             1             64  org.apache.xerces.impl.xpath.regex.RegularExpression
 290:             2             64  java.io.ExpiringCache
 291:             4             64  [Ljava.lang.annotation.Annotation;
 292:             1             64  com.hp.hpl.jena.ontology.impl.OntModelImpl
 293:             2             64  sun.nio.cs.ext.ExtendedCharsets
 294:             1             64  com.hp.hpl.jena.graph.compose.MultiUnion
 295:             2             64  java.util.HashMap$ValueIterator
 296:             4             64  com.hp.hpl.jena.graph.impl.WrappedReifier
 297:             2             64  com.hp.hpl.jena.iri.impl.ViolationCodeInfo$FromSpec_other
 298:             1             56  [F
 299:             1             56  org.apache.log4j.ConsoleAppender
 300:             1             56  sun.reflect.DelegatingClassLoader
 301:             7             56  java.lang.ref.ReferenceQueue$Lock
 302:             1             56  sun.awt.AppContext
 303:             1             56  com.ibm.icu.impl.UCharacterProperty
 304:             1             56  sun.security.provider.NativePRNG$RandomIO
 305:             1             56  sun.security.provider.SHA
 306:             1             48  [[Lcom.hp.hpl.jena.iri.impl.Lexer;
 307:             3             48  java.nio.charset.CodingErrorAction
 308:             3             48  com.hp.hpl.jena.graph.Node_Blank
 309:             2             48  com.hp.hpl.jena.iri.impl.AbsIRIImpl$PathRelativize
 310:             2             48  sun.security.jca.ProviderList
 311:             2             48  com.hp.hpl.jena.util.FileManager
 312:             2             48  java.lang.ref.ReferenceQueue$Null
 313:             2             48  java.io.BufferedOutputStream
 314:             3             48  com.ibm.icu.text.Normalizer$QuickCheckResult
 315:             3             48  java.util.Arrays$ArrayList
 316:             3             48  java.util.Collections$UnmodifiableRandomAccessList
 317:             3             48  java.util.regex.Pattern$Ctype
 318:             2             48  com.hp.hpl.jena.util.iterator.ConcatenatedIterator
 319:             2             48  java.io.FileOutputStream
 320:             2             48  org.apache.xerces.impl.xpath.regex.Token$ParenToken
 321:             2             48  com.hp.hpl.jena.reasoner.rulesys.impl.BBRuleContext
 322:             3             48  com.hp.hpl.jena.shared.ReificationStyle
 323:             2             48  java.lang.ThreadLocal$ThreadLocalMap
 324:             3             48  sun.misc.Signal
 325:             3             48  com.hp.hpl.jena.rdf.model.AnonId
 326:             2             48  java.util.regex.Pattern$Ques
 327:             3             48  org.apache.xerces.impl.dv.dtd.ListDatatypeValidator
 328:             1             40  sun.nio.cs.StandardCharsets$Aliases
 329:             1             40  com.hp.hpl.jena.ontology.OntDocumentManager
 330:             1             40  sun.nio.cs.StandardCharsets$Classes
 331:             1             40  sun.nio.cs.StandardCharsets$Cache
 332:             1             40  org.apache.log4j.spi.RootLogger
 333:             1             40  org.apache.log4j.helpers.PatternParser
 334:             1             40  org.apache.log4j.Hierarchy
 335:             1             40  org.apache.xerces.util.URI
 336:             1             40  com.ibm.icu.impl.IntTrie
 337:             1             40  com.hp.hpl.jena.mem.StoreTripleIterator
 338:             1             32  com.hp.hpl.jena.mem.HashCommon$BasicKeyIterator
 339:             1             32  com.hp.hpl.jena.mem.HashCommon$MovedKeysIterator
 340:             1             32  sun.misc.SoftCache
 341:             1             32  com.ibm.icu.impl.UBiDiProps
 342:             1             32  sun.reflect.generics.repository.ClassRepository
 343:             1             32  [Lsun.reflect.generics.tree.ClassTypeSignature;
 344:             1             32  java.util.ResourceBundle$1
 345:             2             32  java.nio.charset.CoderResult
 346:             1             32  [Lcom.ibm.icu.impl.UCharacterName$AlgorithmName;
 347:             1             32  com.ibm.icu.impl.UPropertyAliases
 348:             2             32  java.util.regex.Pattern$Neg
 349:             1             32  org.apache.log4j.helpers.QuietWriter
 350:             1             32  com.hp.hpl.jena.graph.impl.SimpleEventManager$1
 351:             1             32  sun.reflect.generics.reflectiveObjects.TypeVariableImpl
 352:             1             32  [Lorg.apache.xerces.impl.dv.xs.AbstractDateTimeDV$DateTimeData;
 353:             1             32  org.apache.log4j.PatternLayout
 354:             2             32  com.hp.hpl.jena.iri.impl.ErrorAction
 355:             2             32  java.lang.Boolean
 356:             2             32  sun.awt.MostRecentKeyValue
 357:             2             32  org.apache.xerces.impl.xpath.regex.Token
 358:             2             32  com.hp.hpl.jena.enhanced.Personality
 359:             2             32  [Lsun.reflect.generics.tree.FieldTypeSignature;
 360:             1             32  [Ljava.lang.OutOfMemoryError;
 361:             2             32  java.util.regex.Pattern$Slice
 362:             2             32  sun.security.jca.ProviderList$3
 363:             4             32  com.ibm.icu.impl.Trie$DefaultGetFoldingOffset
 364:             2             32  com.hp.hpl.jena.graph.GraphEvents
 365:             1             32  java.lang.ClassLoader$NativeLibrary
 366:             2             32  org.apache.xerces.impl.xpath.regex.Token$UnionToken
 367:             2             32  com.hp.hpl.jena.util.LocationMapper
 368:             1             32  java.io.BufferedInputStream
 369:             1             32  com.hp.hpl.jena.mem.ArrayBunch$2
 370:             1             32  [Ljava.lang.ThreadGroup;
 371:             1             32  com.hp.hpl.jena.graph.compose.PolyadicPrefixMappingImpl
 372:             2             32  java.nio.ByteOrder
 373:             2             32  sun.misc.NativeSignalHandler
 374:             1             32  java.util.concurrent.atomic.AtomicReferenceFieldUpdater$AtomicReferenceFieldUpdaterImpl
 375:             1             32  com.ibm.icu.impl.UCaseProps
 376:             1             32  java.security.MessageDigest$Delegate
 377:             1             24  sun.nio.cs.US_ASCII
 378:             1             24  com.hp.hpl.jena.graph.NodeCache
 379:             1             24  java.util.BitSet
 380:             1             24  sun.reflect.generics.tree.ClassSignature
 381:             1             24  com.hp.hpl.jena.datatypes.xsd.impl.XSDFloat
 382:             1             24  java.lang.RuntimeException
 383:             1             24  com.hp.hpl.jena.iri.impl.AbsIRIImpl$2
 384:             1             24  com.hp.hpl.jena.datatypes.xsd.impl.XSDDouble
 385:             1             24  [Ljava.io.File;
 386:             1             24  com.hp.hpl.jena.datatypes.xsd.impl.XSDByteType
 387:             1             24  org.apache.log4j.helpers.OnlyOnceErrorHandler
 388:             1             24  com.hp.hpl.jena.datatypes.xsd.XSDhexBinary
 389:             1             24  sun.nio.cs.UTF_8
 390:             1             24  com.hp.hpl.jena.datatypes.xsd.XSDbase64Binary
 391:             1             24  java.io.UnixFileSystem
 392:             1             24  org.apache.log4j.helpers.FormattingInfo
 393:             1             24  com.hp.hpl.jena.graph.TripleCache
 394:             1             24  java.util.regex.Pattern$7
 395:             1             24  java.lang.VirtualMachineError
 396:             1             24  com.hp.hpl.jena.datatypes.xsd.impl.XSDDateType
 397:             1             24  java.lang.NullPointerException
 398:             1             24  com.hp.hpl.jena.datatypes.xsd.impl.XSDTimeType
 399:             1             24  java.lang.ArithmeticException
 400:             1             24  com.hp.hpl.jena.datatypes.xsd.impl.XSDDateTimeType
 401:             1             24  com.hp.hpl.jena.datatypes.xsd.impl.XSDDurationType
 402:             1             24  java.lang.ref.Reference
 403:             1             24  sun.misc.JarIndex
 404:             1             24  com.hp.hpl.jena.datatypes.xsd.impl.XSDDayType
 405:             1             24  com.hp.hpl.jena.datatypes.xsd.impl.XSDMonthType
 406:             1             24  com.hp.hpl.jena.datatypes.xsd.impl.XSDYearType
 407:             1             24  java.lang.reflect.ReflectPermission
 408:             1             24  com.hp.hpl.jena.datatypes.xsd.impl.XSDYearMonthType
 409:             1             24  com.hp.hpl.jena.mem.NodeToTriplesMapBase$1
 410:             1             24  com.hp.hpl.jena.datatypes.xsd.impl.XSDMonthDayType
 411:             1             24  sun.security.provider.SecureRandom
 412:             3             24  sun.net.www.protocol.jar.Handler
 413:             1             24  sun.nio.cs.StandardCharsets
 414:             1             24  com.hp.hpl.jena.reasoner.rulesys.BasicFBReifier
 415:             1             24  org.apache.xerces.util.SymbolHash
 416:             1             24  java.util.ArrayList$Itr
 417:             1             16  java.lang.InheritableThreadLocal
 418:             1             16  com.ibm.icu.text.Normalizer$NFKDMode
 419:             1             16  java.io.Console$1$1
 420:             1             16  com.ibm.icu.text.Normalizer$NFCMode
 421:             1             16  sun.misc.FloatingDecimal$1
 422:             1             16  sun.reflect.generics.scope.ClassScope
 423:             1             16  com.hp.hpl.jena.graph.Node_NULL
 424:             1             16  java.util.regex.Pattern$Dot
 425:             1             16  com.ibm.icu.text.Normalizer$NFKCMode
 426:             1             16  sun.reflect.BootstrapConstructorAccessorImpl
 427:             1             16  org.apache.xerces.impl.dv.xs.DateTimeDV
 428:             1             16  com.ibm.icu.text.Normalizer$FCDMode
 429:             1             16  org.apache.xerces.impl.dv.xs.TimeDV
 430:             1             16  com.hp.hpl.jena.ontology.ProfileRegistry
 431:             1             16  org.apache.xerces.impl.dv.xs.DateDV
 432:             1             16  java.nio.charset.CoderResult$1
 433:             1             16  java.util.regex.Pattern$CharPropertyNames$6
 434:             1             16  java.nio.charset.CoderResult$2
 435:             1             16  [Ljava.beans.EventSetDescriptor;
 436:             1             16  org.apache.xerces.impl.dv.xs.YearMonthDV
 437:             1             16  java.util.regex.Pattern$CharPropertyNames$7
 438:             1             16  com.hp.hpl.jena.ontology.impl.OWLDLProfile
 439:             1             16  java.util.regex.Pattern$CharPropertyNames$8
 440:             1             16  org.apache.xerces.impl.dv.xs.YearDV
 441:             1             16  java.util.regex.Pattern$CharPropertyNames$9
 442:             2             16  java.lang.Shutdown$Lock
 443:             1             16  java.util.regex.Pattern$CharPropertyNames$10
 444:             1             16  org.apache.log4j.helpers.AppenderAttachableImpl
 445:             1             16  java.util.regex.Pattern$CharPropertyNames$11
 446:             1             16  org.apache.xerces.impl.dv.xs.MonthDayDV
 447:             1             16  java.util.regex.Pattern$CharPropertyNames$12
 448:             1             16  [Lcom.hp.hpl.jena.rdf.arp.impl.URIReference;
 449:             1             16  java.util.regex.Pattern$CharPropertyNames$13
 450:             1             16  org.apache.xerces.impl.dv.xs.DayDV
 451:             1             16  com.hp.hpl.jena.ontology.impl.RDFSProfile
 452:             1             16  java.util.regex.Pattern$CharPropertyNames$14
 453:             1             16  com.hp.hpl.jena.reasoner.rulesys.BuiltinRegistry
 454:             1             16  java.security.Policy$UnsupportedEmptyCollection
 455:             1             16  java.util.regex.Pattern$CharPropertyNames$15
 456:             1             16  sun.reflect.generics.tree.FormalTypeParameter
 457:             1             16  org.apache.xerces.impl.dv.xs.MonthDV
 458:             1             16  java.util.regex.Pattern$CharPropertyNames$16
 459:             1             16  [Lsun.reflect.generics.tree.FormalTypeParameter;
 460:             1             16  java.util.regex.Pattern$CharPropertyNames$17
 461:             1             16  sun.misc.URLClassPath$FileLoader
 462:             1             16  java.util.LinkedHashSet
 463:             1             16  java.util.regex.Pattern$CharPropertyNames$18
 464:             1             16  java.util.regex.Pattern$CharPropertyNames$19
 465:             1             16  org.slf4j.helpers.SubstituteLoggerFactory
 466:             1             16  java.util.regex.Pattern$CharPropertyNames$20
 467:             1             16  java.util.Collections$UnmodifiableSet
 468:             1             16  java.util.regex.Pattern$CharPropertyNames$21
 469:             1             16  com.hp.hpl.jena.util.LocatorFile
 470:             1             16  com.hp.hpl.jena.iri.impl.HostAction
 471:             1             16  com.hp.hpl.jena.util.LocatorClassLoader
 472:             1             16  com.hp.hpl.jena.reasoner.rulesys.RDFSRuleReasonerFactory
 473:             2             16  org.apache.xerces.impl.dv.xs.QNameDV
 474:             1             16  [Ljava.security.Provider;
 475:             1             16  com.hp.hpl.jena.reasoner.transitiveReasoner.TransitiveReasonerFactory
 476:             1             16  org.slf4j.impl.StaticLoggerBinder
 477:             1             16  com.hp.hpl.jena.reasoner.rulesys.OWLFBRuleReasonerFactory
 478:             1             16  com.hp.hpl.jena.mem.NodeToTriplesMapBase$1$NotifyMe
 479:             1             16  java.util.regex.Pattern$Node
 480:             1             16  sun.misc.Launcher
 481:             1             16  java.util.regex.Pattern$5
 482:             1             16  org.apache.log4j.or.RendererMap
 483:             1             16  com.hp.hpl.jena.reasoner.rulesys.OWLMicroReasonerFactory
 484:             1             16  com.hp.hpl.jena.reasoner.rulesys.BasicForwardRuleInfGraph$1
 485:             1             16  java.util.regex.Pattern$LastNode
 486:             2             16  org.apache.xerces.impl.dv.xs.DecimalDV
 487:             1             16  com.hp.hpl.jena.ontology.impl.OWLProfile
 488:             1             16  org.apache.xerces.impl.dv.xs.YearMonthDurationDV
 489:             1             16  [Ljava.security.cert.Certificate;
 490:             1             16  com.hp.hpl.jena.ontology.impl.OWLLiteProfile
 491:             1             16  com.hp.hpl.jena.graph.GraphEvents$1
 492:             1             16  org.apache.xerces.impl.dv.xs.DayTimeDurationDV
 493:             1             16  com.hp.hpl.jena.datatypes.BaseDatatype
 494:             1             16  com.hp.hpl.jena.reasoner.rulesys.OWLMiniReasonerFactory
 495:             1             16  org.slf4j.impl.Log4jLoggerFactory
 496:             1             16  com.hp.hpl.jena.datatypes.xsd.impl.XMLLiteralType
 497:             1             16  org.apache.log4j.spi.DefaultRepositorySelector
 498:             1             16  [Ljava.lang.reflect.TypeVariable;
 499:             1             16  com.hp.hpl.jena.reasoner.rulesys.DAMLMicroReasonerFactory
 500:             1             16  [Ljava.lang.StackTraceElement;
 501:             1             16  com.hp.hpl.jena.datatypes.TypeMapper
 502:             1             16  org.apache.xerces.impl.Constants$ArrayEnumeration
 503:             1             16  com.hp.hpl.jena.util.Metadata
 504:             1             16  java.util.Collections$EmptyList
 505:             1             16  com.hp.hpl.jena.reasoner.rulesys.Functor$FunctorDatatype
 506:             1             16  com.ibm.icu.text.Normalizer$Mode
 507:             1             16  java.util.regex.Pattern$All
 508:             1             16  sun.reflect.generics.factory.CoreReflectionFactory
 509:             2             16  org.apache.xerces.impl.dv.dtd.ENTITYDatatypeValidator
 510:             1             16  java.util.Collections$EmptyMap
 511:             1             16  com.ibm.icu.text.Normalizer$NFDMode
 512:             1             16  com.hp.hpl.jena.graph.Node_ANY
 513:             1             16  org.apache.xerces.impl.dv.xs.DurationDV
 514:             1              8  com.hp.hpl.jena.graph.Triple$Field$1
 515:             1              8  java.io.Console$1
 516:             1              8  com.hp.hpl.jena.ontology.impl.OWLLiteProfile$14
 517:             1              8  com.hp.hpl.jena.reasoner.rulesys.builtins.NotLiteral
 518:             1              8  com.hp.hpl.jena.graph.Node$1
 519:             1              8  com.hp.hpl.jena.ontology.impl.OWLProfile$12
 520:             1              8  com.hp.hpl.jena.graph.Triple$Field$2
 521:             1              8  com.hp.hpl.jena.graph.Node$2
 522:             1              8  com.hp.hpl.jena.ontology.impl.OWLLiteProfile$15
 523:             1              8  com.hp.hpl.jena.reasoner.rulesys.builtins.IsBNode
 524:             1              8  com.hp.hpl.jena.ontology.impl.OWLProfile$13
 525:             1              8  com.hp.hpl.jena.graph.Triple$Field$3
 526:             1              8  com.hp.hpl.jena.ontology.impl.InverseFunctionalPropertyImpl$1
 527:             1              8  com.hp.hpl.jena.graph.Node$3
 528:             1              8  com.hp.hpl.jena.ontology.impl.OWLLiteProfile$16
 529:             1              8  com.hp.hpl.jena.reasoner.rulesys.builtins.NotBNode
 530:             1              8  com.hp.hpl.jena.ontology.impl.OWLProfile$14
 531:             1              8  com.hp.hpl.jena.graph.Node$4
 532:             1              8  com.hp.hpl.jena.ontology.impl.HasValueRestrictionImpl$1
 533:             1              8  com.hp.hpl.jena.util.iterator.Filter$3
 534:             1              8  com.hp.hpl.jena.ontology.impl.OWLLiteProfile$17
 535:             1              8  com.hp.hpl.jena.ontology.impl.CardinalityQRestrictionImpl$1
 536:             1              8  com.hp.hpl.jena.ontology.impl.OWLProfile$15
 537:             1              8  com.hp.hpl.jena.graph.impl.SimpleReifierFragmentsMap$2
 538:             1              8  com.hp.hpl.jena.reasoner.rulesys.builtins.IsDType
 539:             1              8  sun.reflect.GeneratedConstructorAccessor1
 540:             1              8  com.hp.hpl.jena.ontology.impl.OWLLiteProfile$18
 541:             1              8  com.hp.hpl.jena.ontology.impl.OntClassImpl$1
 542:             1              8  com.hp.hpl.jena.vocabulary.DAML_OIL
 543:             1              8  com.hp.hpl.jena.ontology.impl.OWLProfile$16
 544:             1              8  com.hp.hpl.jena.util.iterator.Filter$2
 545:             1              8  com.hp.hpl.jena.graph.impl.SimpleReifierFragmentsMap$3
 546:             1              8  com.hp.hpl.jena.ontology.impl.OWLLiteProfile$19
 547:             1              8  com.hp.hpl.jena.reasoner.rulesys.builtins.NotDType
 548:             1              8  com.hp.hpl.jena.graph.impl.SimpleReifierFragmentsMap$4
 549:             1              8  com.hp.hpl.jena.ontology.impl.OWLProfile$17
 550:             1              8  java.util.regex.Pattern$CharPropertyNames$5
 551:             1              8  com.hp.hpl.jena.graph.impl.SimpleReifierFragmentsMap$5
 552:             1              8  com.hp.hpl.jena.ontology.impl.OWLProfile$18
 553:             1              8  java.net.URLClassLoader$7
 554:             1              8  com.hp.hpl.jena.reasoner.rulesys.builtins.CountLiteralValues
 555:             1              8  com.hp.hpl.jena.ontology.impl.AllDifferentImpl$1
 556:             1              8  com.hp.hpl.jena.ontology.impl.OWLProfile$19
 557:             1              8  sun.reflect.ReflectionFactory
 558:             1              8  com.hp.hpl.jena.reasoner.rulesys.impl.OWLRuleTranslationHook
 559:             1              8  com.hp.hpl.jena.rdf.arp.impl.XMLHandler$2
 560:             1              8  com.hp.hpl.jena.ontology.impl.OWLProfile$20
 561:             1              8  com.hp.hpl.jena.ontology.impl.AllValuesFromRestrictionImpl$1
 562:             1              8  com.hp.hpl.jena.reasoner.rulesys.builtins.Max
 563:             1              8  com.hp.hpl.jena.rdf.arp.impl.XMLHandler$3
 564:             1              8  com.hp.hpl.jena.rdf.model.impl.SeqImpl$1
 565:             1              8  java.lang.ref.Reference$Lock
 566:             1              8  com.hp.hpl.jena.ontology.impl.OWLProfile$21
 567:             1              8  com.hp.hpl.jena.rdf.model.impl.PropertyImpl$1
 568:             1              8  com.hp.hpl.jena.reasoner.rulesys.builtins.Min
 569:             1              8  java.lang.CharacterDataLatin1
 570:             1              8  com.hp.hpl.jena.rdf.model.impl.SeqNodeIteratorFactoryImpl
 571:             1              8  java.util.ResourceBundle$Control
 572:             1              8  com.hp.hpl.jena.reasoner.rulesys.builtins.ListLength
 573:             1              8  com.hp.hpl.jena.ontology.OntDocumentManager$DefaultReadHook
 574:             1              8  com.hp.hpl.jena.ontology.impl.EnumeratedClassImpl$1
 575:             1              8  com.hp.hpl.jena.reasoner.rulesys.Functor$1
 576:             1              8  com.hp.hpl.jena.reasoner.rulesys.builtins.ListEntry
 577:             1              8  com.hp.hpl.jena.ontology.impl.IndividualImpl$1
 578:             1              8  com.hp.hpl.jena.rdf.model.impl.LiteralImpl$1
 579:             1              8  com.hp.hpl.jena.ontology.impl.OWLDLProfile$1
 580:             1              8  javax.xml.parsers.SecuritySupport
 581:             1              8  com.hp.hpl.jena.ontology.impl.SomeValuesFromRestrictionImpl$1
 582:             1              8  com.hp.hpl.jena.rdf.model.impl.RDFReaderFImpl
 583:             1              8  com.hp.hpl.jena.ontology.impl.OWLDLProfile$2
 584:             1              8  com.hp.hpl.jena.reasoner.rulesys.builtins.ListEqual
 585:             1              8  java.lang.ApplicationShutdownHooks
 586:             1              8  com.hp.hpl.jena.graph.Triple$1
 587:             1              8  com.hp.hpl.jena.ontology.impl.OWLDLProfile$3
 588:             1              8  com.hp.hpl.jena.rdf.model.impl.ReifiedStatementImpl$1
 589:             1              8  com.hp.hpl.jena.reasoner.rulesys.builtins.ListNotEqual
 590:             1              8  com.hp.hpl.jena.graph.Triple$2
 591:             1              8  com.hp.hpl.jena.ontology.impl.OWLDLProfile$4
 592:             1              8  com.hp.hpl.jena.graph.Triple$3
 593:             1              8  com.hp.hpl.jena.reasoner.rulesys.builtins.ListContains
 594:             1              8  com.hp.hpl.jena.ontology.impl.OWLDLProfile$5
 595:             1              8  com.hp.hpl.jena.ontology.impl.AnnotationPropertyImpl$1
 596:             1              8  com.hp.hpl.jena.ontology.impl.RDFSProfile$1
 597:             1              8  com.hp.hpl.jena.ontology.impl.OWLDLProfile$6
 598:             1              8  com.hp.hpl.jena.reasoner.rulesys.builtins.ListNotContains
 599:             1              8  com.hp.hpl.jena.rdf.model.impl.RDFWriterFImpl
 600:             1              8  com.hp.hpl.jena.ontology.impl.OWLDLProfile$7
 601:             1              8  com.hp.hpl.jena.ontology.impl.CardinalityRestrictionImpl$1
 602:             1              8  org.apache.xerces.impl.dv.xs.HexBinaryDV
 603:             1              8  com.hp.hpl.jena.ontology.impl.RDFSProfile$2
 604:             1              8  sun.net.www.protocol.file.Handler
 605:             1              8  com.hp.hpl.jena.reasoner.rulesys.builtins.ListMapAsSubject
 606:             1              8  org.apache.xerces.dom.CharacterDataImpl$1
 607:             1              8  com.hp.hpl.jena.ontology.impl.OWLDLProfile$8
 608:             1              8  com.hp.hpl.jena.ontology.impl.RDFSProfile$3
 609:             1              8  java.net.UnknownContentHandler
 610:             1              8  com.hp.hpl.jena.iri.impl.GroupAction$1
 611:             1              8  com.hp.hpl.jena.ontology.impl.OWLDLProfile$9
 612:             1              8  com.hp.hpl.jena.ontology.impl.IntersectionClassImpl$1
 613:             1              8  com.hp.hpl.jena.reasoner.rulesys.builtins.ListMapAsObject
 614:             1              8  com.hp.hpl.jena.ontology.impl.OWLDLProfile$10
 615:             1              8  com.hp.hpl.jena.ontology.impl.DAML_OILProfile$1
 616:             1              8  sun.awt.AppContext$6
 617:             1              8  com.hp.hpl.jena.reasoner.rulesys.builtins.Print
 618:             1              8  org.apache.xerces.impl.dv.xs.Base64BinaryDV
 619:             1              8  com.hp.hpl.jena.reasoner.rulesys.builtins.MakeInstance
 620:             1              8  com.hp.hpl.jena.ontology.impl.OWLDLProfile$11
 621:             1              8  com.hp.hpl.jena.ontology.impl.DAML_OILProfile$2
 622:             1              8  com.hp.hpl.jena.reasoner.rulesys.builtins.Table
 623:             1              8  java.util.jar.JavaUtilJarAccessImpl
 624:             1              8  com.hp.hpl.jena.ontology.impl.OWLDLProfile$12
 625:             1              8  com.hp.hpl.jena.ontology.impl.DAML_OILProfile$3
 626:             1              8  com.hp.hpl.jena.ontology.impl.MinCardinalityRestrictionImpl$1
 627:             1              8  com.hp.hpl.jena.reasoner.rulesys.builtins.AddOne
 628:             1              8  com.hp.hpl.jena.reasoner.rulesys.builtins.TableAll
 629:             1              8  sun.reflect.generics.tree.BottomSignature
 630:             1              8  com.hp.hpl.jena.ontology.impl.OWLDLProfile$13
 631:             1              8  com.hp.hpl.jena.ontology.impl.DAML_OILProfile$4
 632:             1              8  org.apache.xerces.impl.dv.xs.AnyURIDV
 633:             1              8  com.hp.hpl.jena.ontology.impl.UnionClassImpl$1
 634:             1              8  com.hp.hpl.jena.ontology.impl.DAML_OILProfile$5
 635:             1              8  com.hp.hpl.jena.reasoner.rulesys.builtins.LessThan
 636:             1              8  com.hp.hpl.jena.ontology.impl.OWLDLProfile$14
 637:             1              8  com.hp.hpl.jena.ontology.impl.OntPropertyImpl$1
 638:             1              8  java.io.FileDescriptor$1
 639:             1              8  com.hp.hpl.jena.reasoner.rulesys.builtins.MakeSkolem
 640:             1              8  com.hp.hpl.jena.ontology.impl.OntResourceImpl$1
 641:             1              8  com.hp.hpl.jena.ontology.impl.DAML_OILProfile$6
 642:             1              8  com.hp.hpl.jena.ontology.impl.OWLDLProfile$15
 643:             1              8  com.hp.hpl.jena.reasoner.rulesys.builtins.GreaterThan
 644:             1              8  java.lang.System$2
 645:             1              8  com.hp.hpl.jena.ontology.impl.DAML_OILProfile$7
 646:             1              8  com.hp.hpl.jena.ontology.impl.OWLDLProfile$16
 647:             1              8  java.io.File$1
 648:             1              8  java.lang.reflect.ReflectAccess
 649:             1              8  com.hp.hpl.jena.reasoner.rulesys.builtins.LE
 650:             1              8  java.util.Collections$EmptyEnumeration
 651:             1              8  com.hp.hpl.jena.ontology.impl.DAML_OILProfile$8
 652:             1              8  com.hp.hpl.jena.ontology.impl.OWLDLProfile$17
 653:             1              8  java.io.File$2
 654:             1              8  com.hp.hpl.jena.reasoner.rulesys.builtins.GE
 655:             1              8  org.apache.xerces.impl.dv.xs.PrecisionDecimalDV
 656:             1              8  com.hp.hpl.jena.ontology.impl.DAML_OILProfile$9
 657:             1              8  com.hp.hpl.jena.ontology.impl.OWLDLProfile$18
 658:             1              8  com.hp.hpl.jena.ontology.impl.MaxCardinalityRestrictionImpl$1
 659:             1              8  com.hp.hpl.jena.reasoner.rulesys.builtins.Hide
 660:             1              8  com.hp.hpl.jena.mem.HashCommon$NotifyEmpty$1
 661:             1              8  com.hp.hpl.jena.ontology.impl.DAML_OILProfile$10
 662:             1              8  org.apache.xerces.impl.dv.xs.IDDV
 663:             1              8  com.hp.hpl.jena.ontology.impl.OWLDLProfile$19
 664:             1              8  com.hp.hpl.jena.reasoner.rulesys.builtins.Equal
 665:             1              8  com.hp.hpl.jena.ontology.impl.OntologyImpl$1
 666:             1              8  java.security.AccessControlContext$1
 667:             1              8  com.hp.hpl.jena.ontology.impl.ComplementClassImpl$1
 668:             1              8  com.hp.hpl.jena.ontology.impl.ObjectPropertyImpl$1
 669:             1              8  com.hp.hpl.jena.reasoner.rulesys.builtins.StrConcat
 670:             1              8  org.apache.xerces.impl.dv.xs.IDREFDV
 671:             1              8  com.hp.hpl.jena.ontology.impl.DAML_OILProfile$11
 672:             1              8  com.hp.hpl.jena.ontology.impl.OWLDLProfile$20
 673:             1              8  com.hp.hpl.jena.reasoner.rulesys.builtins.NotFunctor
 674:             1              8  java.security.ProtectionDomain$2
 675:             1              8  org.apache.xerces.impl.dv.xs.AnySimpleDV
 676:             1              8  sun.misc.ASCIICaseInsensitiveComparator
 677:             1              8  org.apache.xerces.impl.dv.xs.EntityDV
 678:             1              8  com.hp.hpl.jena.ontology.impl.DAML_OILProfile$12
 679:             1              8  com.hp.hpl.jena.ontology.impl.OWLDLProfile$21
 680:             1              8  com.hp.hpl.jena.reasoner.rulesys.builtins.UriConcat
 681:             1              8  com.hp.hpl.jena.reasoner.rulesys.builtins.IsFunctor
 682:             1              8  org.apache.xerces.impl.dv.xs.StringDV
 683:             1              8  org.apache.xerces.impl.dv.xs.IntegerDV
 684:             1              8  com.ibm.icu.impl.NormalizerImpl
 685:             1              8  com.hp.hpl.jena.ontology.impl.DAML_OILProfile$13
 686:             1              8  org.apache.xerces.impl.dv.xs.BooleanDV
 687:             1              8  org.apache.xerces.impl.dv.xs.ListDV
 688:             1              8  com.hp.hpl.jena.reasoner.rulesys.builtins.NotEqual
 689:             1              8  sun.net.www.protocol.jar.JarFileFactory
 690:             1              8  com.hp.hpl.jena.ontology.impl.DAML_OILProfile$14
 691:             1              8  com.hp.hpl.jena.reasoner.rulesys.builtins.Regex
 692:             1              8  org.apache.xerces.impl.dv.xs.UnionDV
 693:             1              8  com.hp.hpl.jena.mem.GraphTripleStoreBase$1
 694:             1              8  com.hp.hpl.jena.reasoner.rulesys.builtins.MakeTemp
 695:             1              8  com.hp.hpl.jena.ontology.impl.DAML_OILProfile$15
 696:             1              8  com.hp.hpl.jena.ontology.impl.DatatypePropertyImpl$1
 697:             1              8  com.hp.hpl.jena.rdf.model.ResourceFactory$Impl
 698:             1              8  org.apache.log4j.or.DefaultRenderer
 699:             1              8  com.hp.hpl.jena.reasoner.rulesys.builtins.Now
 700:             1              8  com.hp.hpl.jena.ontology.impl.QualifiedRestrictionImpl$1
 701:             1              8  com.hp.hpl.jena.ontology.impl.DAML_OILProfile$16
 702:             1              8  sun.misc.Launcher$Factory
 703:             1              8  org.apache.xerces.impl.dv.xs.FloatDV
 704:             1              8  org.apache.log4j.DefaultCategoryFactory
 705:             1              8  com.hp.hpl.jena.rdf.model.impl.AltImpl$1
 706:             1              8  com.hp.hpl.jena.reasoner.rulesys.builtins.NoValue
 707:             1              8  java.lang.String$CaseInsensitiveComparator
 708:             1              8  com.hp.hpl.jena.rdf.model.impl.RDFListImpl$1
 709:             1              8  com.hp.hpl.jena.ontology.impl.DataRangeImpl$1
 710:             1              8  com.hp.hpl.jena.ontology.impl.DAML_OILProfile$17
 711:             1              8  com.hp.hpl.jena.reasoner.rulesys.builtins.AssertDisjointPairs
 712:             1              8  com.hp.hpl.jena.util.LocatorURL
 713:             1              8  com.hp.hpl.jena.ontology.impl.OWLLiteProfile$1
 714:             1              8  java.lang.Terminator$1
 715:             1              8  org.apache.xerces.impl.dv.xs.AnyAtomicDV
 716:             1              8  org.apache.xerces.impl.dv.xs.DoubleDV
 717:             1              8  com.hp.hpl.jena.rdf.model.impl.ContNodeIteratorFactoryImpl
 718:             1              8  com.hp.hpl.jena.ontology.impl.DAML_OILProfile$18
 719:             1              8  com.hp.hpl.jena.reasoner.rulesys.builtins.Remove
 720:             1              8  com.hp.hpl.jena.ontology.impl.OWLLiteProfile$2
 721:             1              8  com.hp.hpl.jena.ontology.impl.DAML_OILProfile$19
 722:             1              8  org.apache.xerces.impl.dv.SecuritySupport
 723:             1              8  org.apache.xerces.impl.dv.xs.XSSimpleTypeDecl$1
 724:             1              8  com.hp.hpl.jena.ontology.impl.TransitivePropertyImpl$1
 725:             1              8  com.hp.hpl.jena.ontology.impl.OWLLiteProfile$3
 726:             1              8  com.hp.hpl.jena.ontology.impl.OWLProfile$1
 727:             1              8  com.hp.hpl.jena.reasoner.rulesys.builtins.Drop
 728:             1              8  com.hp.hpl.jena.ontology.impl.DAML_OILProfile$20
 729:             1              8  java.lang.Runtime
 730:             1              8  com.hp.hpl.jena.ontology.impl.OWLLiteProfile$4
 731:             1              8  com.hp.hpl.jena.ontology.impl.OWLProfile$2
 732:             1              8  org.apache.xerces.impl.dv.xs.XSSimpleTypeDecl$2
 733:             1              8  com.hp.hpl.jena.reasoner.rulesys.builtins.Sum
 734:             1              8  com.hp.hpl.jena.ontology.impl.OWLLiteProfile$5
 735:             1              8  com.ibm.icu.impl.NormalizerImpl$FCDTrieImpl
 736:             1              8  com.hp.hpl.jena.ontology.impl.MinCardinalityQRestrictionImpl$1
 737:             1              8  com.hp.hpl.jena.rdf.model.impl.BagImpl$1
 738:             1              8  com.hp.hpl.jena.ontology.impl.OWLProfile$3
 739:             1              8  com.hp.hpl.jena.ontology.impl.OWLLiteProfile$6
 740:             1              8  com.ibm.icu.impl.NormalizerImpl$NormTrieImpl
 741:             1              8  java.util.Collections$EmptySet
 742:             1              8  com.hp.hpl.jena.reasoner.rulesys.builtins.Difference
 743:             1              8  com.hp.hpl.jena.ontology.impl.OWLProfile$4
 744:             1              8  com.ibm.icu.impl.NormalizerImpl$AuxTrieImpl
 745:             1              8  com.hp.hpl.jena.ontology.impl.SymmetricPropertyImpl$1
 746:             1              8  com.hp.hpl.jena.ontology.impl.OWLLiteProfile$7
 747:             1              8  org.apache.xerces.impl.dv.dtd.StringDatatypeValidator
 748:             1              8  com.hp.hpl.jena.ontology.impl.OWLProfile$5
 749:             1              8  com.hp.hpl.jena.reasoner.rulesys.builtins.Product
 750:             1              8  com.hp.hpl.jena.ontology.impl.OWLLiteProfile$8
 751:             1              8  org.apache.xerces.impl.dv.dtd.IDDatatypeValidator
 752:             1              8  com.hp.hpl.jena.ontology.impl.OWLProfile$6
 753:             1              8  org.apache.xerces.parsers.SecuritySupport
 754:             1              8  com.hp.hpl.jena.rdf.model.impl.ResourceImpl$1
 755:             1              8  com.hp.hpl.jena.util.iterator.NiceIterator
 756:             1              8  com.hp.hpl.jena.ontology.impl.OWLLiteProfile$9
 757:             1              8  org.apache.xerces.impl.dv.dtd.IDREFDatatypeValidator
 758:             1              8  com.hp.hpl.jena.util.iterator.NullIterator
 759:             1              8  com.hp.hpl.jena.ontology.impl.OWLProfile$7
 760:             1              8  com.hp.hpl.jena.reasoner.rulesys.builtins.Quotient
 761:             1              8  com.hp.hpl.jena.rdf.model.impl.ResourceImpl$2
 762:             1              8  com.hp.hpl.jena.ontology.impl.OWLLiteProfile$10
 763:             1              8  com.hp.hpl.jena.ontology.impl.OWLProfile$8
 764:             1              8  com.hp.hpl.jena.reasoner.rulesys.builtins.Bound
 765:             1              8  com.hp.hpl.jena.ontology.impl.RestrictionImpl$1
 766:             1              8  com.hp.hpl.jena.ontology.impl.OWLLiteProfile$11
 767:             1              8  com.hp.hpl.jena.ontology.impl.FunctionalPropertyImpl$1
 768:             1              8  com.hp.hpl.jena.ontology.impl.MaxCardinalityQRestrictionImpl$1
 769:             1              8  com.hp.hpl.jena.ontology.impl.OWLProfile$9
 770:             1              8  com.hp.hpl.jena.reasoner.rulesys.builtins.Unbound
 771:             1              8  sun.misc.Unsafe
 772:             1              8  com.hp.hpl.jena.ontology.impl.OWLLiteProfile$12
 773:             1              8  org.apache.xerces.impl.dv.dtd.NOTATIONDatatypeValidator
 774:             1              8  com.hp.hpl.jena.ontology.impl.OWLProfile$10
 775:             1              8  org.apache.xerces.impl.dv.dtd.NMTOKENDatatypeValidator
 776:             1              8  com.hp.hpl.jena.reasoner.rulesys.builtins.IsLiteral
 777:             1              8  com.hp.hpl.jena.ontology.impl.OWLLiteProfile$13
 778:             1              8  com.hp.hpl.jena.ontology.impl.OWLProfile$11
Total       5840911      472478360
